[2025-12-14 00:10:02] == Auto billing start for 2025-12 (force=0, dry=0) ==
[2025-12-14 00:10:02] Skip: today is not 1st and no force/backfill (ym=2025-12)
Skip: today is not 1st; use ?force=1 or pass a month/--force for backfill.
[2025-12-25 00:10:01] == Auto billing start for 2025-12 (force=0, dry=0) ==
[2025-12-25 00:10:01] Skip: today is not 1st and no force/backfill (ym=2025-12)
Skip: today is not 1st; use ?force=1 or pass a month/--force for backfill.
[2025-12-26 00:10:01] == Auto billing start for 2025-12 (force=0, dry=0) ==
[2025-12-26 00:10:01] Skip: today is not 1st and no force/backfill (ym=2025-12)
Skip: today is not 1st; use ?force=1 or pass a month/--force for backfill.
[2025-12-27 00:10:02] == Auto billing start for 2025-12 (force=0, dry=0) ==
[2025-12-27 00:10:02] Skip: today is not 1st and no force/backfill (ym=2025-12)
Skip: today is not 1st; use ?force=1 or pass a month/--force for backfill.
[2025-12-28 00:10:01] == Auto billing start for 2025-12 (force=0, dry=0) ==
[2025-12-28 00:10:01] Skip: today is not 1st and no force/backfill (ym=2025-12)
Skip: today is not 1st; use ?force=1 or pass a month/--force for backfill.
[2025-12-29 00:10:02] == Auto billing start for 2025-12 (force=0, dry=0) ==
[2025-12-29 00:10:02] Skip: today is not 1st and no force/backfill (ym=2025-12)
Skip: today is not 1st; use ?force=1 or pass a month/--force for backfill.
[2025-12-30 00:10:01] == Auto billing start for 2025-12 (force=0, dry=0) ==
[2025-12-30 00:10:01] Skip: today is not 1st and no force/backfill (ym=2025-12)
Skip: today is not 1st; use ?force=1 or pass a month/--force for backfill.
[2025-12-31 00:10:02] == Auto billing start for 2025-12 (force=0, dry=0) ==
[2025-12-31 00:10:02] Skip: today is not 1st and no force/backfill (ym=2025-12)
Skip: today is not 1st; use ?force=1 or pass a month/--force for backfill.
[2026-01-01 00:10:01] == Auto billing start for 2026-01 (force=0, dry=0) ==
[2026-01-01 00:10:01] Skip: invoices already exist (non-void) for 2026-01
Skip: invoices already exist for 2026-01
[2026-01-02 00:10:02] == Auto billing start for 2026-01 (force=0, dry=0) ==
[2026-01-02 00:10:02] Skip: today is not 1st and no force/backfill (ym=2026-01)
Skip: today is not 1st; use ?force=1 or pass a month/--force for backfill.
[2026-01-03 00:10:01] == Auto billing start for 2026-01 (force=0, dry=0) ==
[2026-01-03 00:10:01] Skip: today is not 1st and no force/backfill (ym=2026-01)
Skip: today is not 1st; use ?force=1 or pass a month/--force for backfill.
