Router #11 Access_Router (157.10.243.105): connecting...
----
Routers processed : 1
Live sessions read: 0
Matched clients   : 0
Router MAC updates: 0
OLT link updates  : 0
Router #11 Access_Router (157.10.243.105): connecting...
----
Routers processed : 1
Live sessions read: 0
Matched clients   : 0
Router MAC updates: 0
OLT link updates  : 0
Router #11 Access_Router (157.10.243.105): connecting...
----
Routers processed : 1
Live sessions read: 0
Matched clients   : 0
Router MAC updates: 0
OLT link updates  : 0
Router #11 Access_Router (157.10.243.105): connecting...
----
Routers processed : 1
Live sessions read: 709
Matched clients   : 1
Router MAC updates: 0
OLT link updates  : 1
Router #11 Access_Router (157.10.243.105): connecting...
----
Routers processed : 1
Live sessions read: 709
Matched clients   : 1
Router MAC updates: 0
OLT link updates  : 1
Router #11 Access_Router (157.10.243.105): connecting...
----
Routers processed : 1
Live sessions read: 709
Matched clients   : 1
Router MAC updates: 0
OLT link updates  : 1
Router #11 Access_Router (157.10.243.105): connecting...
----
Routers processed : 1
Live sessions read: 709
Matched clients   : 1
Router MAC updates: 0
OLT link updates  : 1
Router #11 Access_Router (157.10.243.105): connecting...
----
Routers processed : 1
Live sessions read: 708
Matched clients   : 1
Router MAC updates: 0
OLT link updates  : 1
Router #11 Access_Router (157.10.243.105): connecting...
----
Routers processed : 1
Live sessions read: 707
Matched clients   : 1
Router MAC updates: 0
OLT link updates  : 1
Router #11 Access_Router (157.10.243.105): connecting...
----
Routers processed : 1
Live sessions read: 708
Matched clients   : 2
Router MAC updates: 1
OLT link updates  : 2
Router #11 Access_Router (157.10.243.105): connecting...
----
Routers processed : 1
Live sessions read: 708
Matched clients   : 2
Router MAC updates: 0
OLT link updates  : 2
Router #11 Access_Router (157.10.243.105): connecting...
----
Routers processed : 1
Live sessions read: 708
Matched clients   : 2
Router MAC updates: 0
OLT link updates  : 2
Router #11 Access_Router (157.10.243.105): connecting...
----
Routers processed : 1
Live sessions read: 708
Matched clients   : 2
Router MAC updates: 0
OLT link updates  : 2
Router #11 Access_Router (157.10.243.105): connecting...
----
Routers processed : 1
Live sessions read: 708
Matched clients   : 2
Router MAC updates: 1
OLT link updates  : 2
Router #11 Access_Router (157.10.243.105): connecting...
----
Routers processed : 1
Live sessions read: 708
Matched clients   : 2
Router MAC updates: 0
OLT link updates  : 2
Router #11 Access_Router (157.10.243.105): connecting...
----
Routers processed : 1
Live sessions read: 709
Matched clients   : 2
Router MAC updates: 0
OLT link updates  : 2
Router #11 Access_Router (157.10.243.105): connecting...
----
Routers processed : 1
Live sessions read: 709
Matched clients   : 2
Router MAC updates: 0
OLT link updates  : 2
Router #11 Access_Router (157.10.243.105): connecting...
----
Routers processed : 1
Live sessions read: 709
Matched clients   : 2
Router MAC updates: 0
OLT link updates  : 2
Router #11 Access_Router (157.10.243.105): connecting...
----
Routers processed : 1
Live sessions read: 709
Matched clients   : 2
Router MAC updates: 0
OLT link updates  : 2
Router #11 Access_Router (157.10.243.105): connecting...
----
Routers processed : 1
Live sessions read: 709
Matched clients   : 2
Router MAC updates: 0
OLT link updates  : 2
Router #11 Access_Router (157.10.243.105): connecting...
----
Routers processed : 1
Live sessions read: 708
Matched clients   : 2
Router MAC updates: 0
OLT link updates  : 2
Router #11 Access_Router (157.10.243.105): connecting...
----
Routers processed : 1
Live sessions read: 708
Matched clients   : 2
Router MAC updates: 0
OLT link updates  : 2
Router #11 Access_Router (157.10.243.105): connecting...
----
Routers processed : 1
Live sessions read: 709
Matched clients   : 2
Router MAC updates: 0
OLT link updates  : 2
Router #11 Access_Router (157.10.243.105): connecting...
----
Routers processed : 1
Live sessions read: 709
Matched clients   : 2
Router MAC updates: 0
OLT link updates  : 2
Router #11 Access_Router (157.10.243.105): connecting...
----
Routers processed : 1
Live sessions read: 709
Matched clients   : 2
Router MAC updates: 0
OLT link updates  : 2
Router #11 Access_Router (157.10.243.105): connecting...
----
Routers processed : 1
Live sessions read: 709
Matched clients   : 2
Router MAC updates: 0
OLT link updates  : 2
Router #11 Access_Router (157.10.243.105): connecting...
----
Routers processed : 1
Live sessions read: 709
Matched clients   : 2
Router MAC updates: 0
OLT link updates  : 2
Router #11 Access_Router (157.10.243.105): connecting...
----
Routers processed : 1
Live sessions read: 710
Matched clients   : 2
Router MAC updates: 0
OLT link updates  : 2
Router #11 Access_Router (157.10.243.105): connecting...
----
Routers processed : 1
Live sessions read: 710
Matched clients   : 2
Router MAC updates: 0
OLT link updates  : 2
Router #11 Access_Router (157.10.243.105): connecting...
----
Routers processed : 1
Live sessions read: 710
Matched clients   : 2
Router MAC updates: 0
OLT link updates  : 2
Router #11 Access_Router (157.10.243.105): connecting...
----
Routers processed : 1
Live sessions read: 710
Matched clients   : 2
Router MAC updates: 0
OLT link updates  : 2
Router #11 Access_Router (157.10.243.105): connecting...
----
Routers processed : 1
Live sessions read: 710
Matched clients   : 2
Router MAC updates: 0
OLT link updates  : 2
Router #11 Access_Router (157.10.243.105): connecting...
----
Routers processed : 1
Live sessions read: 708
Matched clients   : 2
Router MAC updates: 0
OLT link updates  : 2
Router #11 Access_Router (157.10.243.105): connecting...
----
Routers processed : 1
Live sessions read: 710
Matched clients   : 2
Router MAC updates: 0
OLT link updates  : 2
Router #11 Access_Router (157.10.243.105): connecting...
----
Routers processed : 1
Live sessions read: 710
Matched clients   : 2
Router MAC updates: 0
OLT link updates  : 2
Router #11 Access_Router (157.10.243.105): connecting...
----
Routers processed : 1
Live sessions read: 710
Matched clients   : 2
Router MAC updates: 0
OLT link updates  : 2
Router #11 Access_Router (157.10.243.105): connecting...
----
Routers processed : 1
Live sessions read: 710
Matched clients   : 2
Router MAC updates: 0
OLT link updates  : 2
Router #11 Access_Router (157.10.243.105): connecting...
----
Routers processed : 1
Live sessions read: 709
Matched clients   : 2
Router MAC updates: 0
OLT link updates  : 2
Router #11 Access_Router (157.10.243.105): connecting...
----
Routers processed : 1
Live sessions read: 710
Matched clients   : 2
Router MAC updates: 0
OLT link updates  : 2
Router #11 Access_Router (157.10.243.105): connecting...
----
Routers processed : 1
Live sessions read: 710
Matched clients   : 2
Router MAC updates: 0
OLT link updates  : 2
Router #11 Access_Router (157.10.243.105): connecting...
----
Routers processed : 1
Live sessions read: 710
Matched clients   : 2
Router MAC updates: 0
OLT link updates  : 2
Router #11 Access_Router (157.10.243.105): connecting...
----
Routers processed : 1
Live sessions read: 709
Matched clients   : 2
Router MAC updates: 0
OLT link updates  : 2
Router #11 Access_Router (157.10.243.105): connecting...
----
Routers processed : 1
Live sessions read: 710
Matched clients   : 2
Router MAC updates: 0
OLT link updates  : 2
Router #11 Access_Router (157.10.243.105): connecting...
----
Routers processed : 1
Live sessions read: 709
Matched clients   : 2
Router MAC updates: 0
OLT link updates  : 2
Router #11 Access_Router (157.10.243.105): connecting...
----
Routers processed : 1
Live sessions read: 709
Matched clients   : 2
Router MAC updates: 0
OLT link updates  : 2
Router #11 Access_Router (157.10.243.105): connecting...
----
Routers processed : 1
Live sessions read: 710
Matched clients   : 2
Router MAC updates: 0
OLT link updates  : 2
Router #11 Access_Router (157.10.243.105): connecting...
----
Routers processed : 1
Live sessions read: 710
Matched clients   : 2
Router MAC updates: 0
OLT link updates  : 2
Router #11 Access_Router (157.10.243.105): connecting...
----
Routers processed : 1
Live sessions read: 710
Matched clients   : 2
Router MAC updates: 0
OLT link updates  : 2
Router #11 Access_Router (157.10.243.105): connecting...
----
Routers processed : 1
Live sessions read: 710
Matched clients   : 2
Router MAC updates: 0
OLT link updates  : 2
Router #11 Access_Router (157.10.243.105): connecting...
----
Routers processed : 1
Live sessions read: 710
Matched clients   : 2
Router MAC updates: 0
OLT link updates  : 2
Router #11 Access_Router (157.10.243.105): connecting...
----
Routers processed : 1
Live sessions read: 710
Matched clients   : 2
Router MAC updates: 0
OLT link updates  : 2
Router #11 Access_Router (157.10.243.105): connecting...
----
Routers processed : 1
Live sessions read: 710
Matched clients   : 2
Router MAC updates: 0
OLT link updates  : 2
Router #11 Access_Router (157.10.243.105): connecting...
----
Routers processed : 1
Live sessions read: 710
Matched clients   : 2
Router MAC updates: 0
OLT link updates  : 2
Router #11 Access_Router (157.10.243.105): connecting...
----
Routers processed : 1
Live sessions read: 710
Matched clients   : 2
Router MAC updates: 0
OLT link updates  : 2
Router #11 Access_Router (157.10.243.105): connecting...
----
Routers processed : 1
Live sessions read: 710
Matched clients   : 2
Router MAC updates: 0
OLT link updates  : 2
Router #11 Access_Router (157.10.243.105): connecting...
----
Routers processed : 1
Live sessions read: 710
Matched clients   : 2
Router MAC updates: 0
OLT link updates  : 2
Router #11 Access_Router (157.10.243.105): connecting...
----
Routers processed : 1
Live sessions read: 710
Matched clients   : 2
Router MAC updates: 0
OLT link updates  : 2
Router #11 Access_Router (157.10.243.105): connecting...
----
Routers processed : 1
Live sessions read: 711
Matched clients   : 2
Router MAC updates: 0
OLT link updates  : 2
Router #11 Access_Router (157.10.243.105): connecting...
----
Routers processed : 1
Live sessions read: 711
Matched clients   : 2
Router MAC updates: 0
OLT link updates  : 2
Router #11 Access_Router (157.10.243.105): connecting...
----
Routers processed : 1
Live sessions read: 710
Matched clients   : 2
Router MAC updates: 0
OLT link updates  : 2
Router #11 Access_Router (157.10.243.105): connecting...
----
Routers processed : 1
Live sessions read: 708
Matched clients   : 2
Router MAC updates: 0
OLT link updates  : 2
Router #11 Access_Router (157.10.243.105): connecting...
----
Routers processed : 1
Live sessions read: 708
Matched clients   : 2
Router MAC updates: 0
OLT link updates  : 2
Router #11 Access_Router (157.10.243.105): connecting...
----
Routers processed : 1
Live sessions read: 708
Matched clients   : 2
Router MAC updates: 0
OLT link updates  : 2
Router #11 Access_Router (157.10.243.105): connecting...
----
Routers processed : 1
Live sessions read: 708
Matched clients   : 2
Router MAC updates: 0
OLT link updates  : 2
Router #11 Access_Router (157.10.243.105): connecting...
----
Routers processed : 1
Live sessions read: 708
Matched clients   : 2
Router MAC updates: 0
OLT link updates  : 2
Router #11 Access_Router (157.10.243.105): connecting...
----
Routers processed : 1
Live sessions read: 707
Matched clients   : 2
Router MAC updates: 0
OLT link updates  : 2
Router #11 Access_Router (157.10.243.105): connecting...
----
Routers processed : 1
Live sessions read: 708
Matched clients   : 2
Router MAC updates: 0
OLT link updates  : 2
Router #11 Access_Router (157.10.243.105): connecting...
----
Routers processed : 1
Live sessions read: 708
Matched clients   : 2
Router MAC updates: 0
OLT link updates  : 2
Router #11 Access_Router (157.10.243.105): connecting...
----
Routers processed : 1
Live sessions read: 708
Matched clients   : 2
Router MAC updates: 0
OLT link updates  : 2
Router #11 Access_Router (157.10.243.105): connecting...
----
Routers processed : 1
Live sessions read: 709
Matched clients   : 2
Router MAC updates: 0
OLT link updates  : 2
Router #11 Access_Router (157.10.243.105): connecting...
----
Routers processed : 1
Live sessions read: 709
Matched clients   : 2
Router MAC updates: 0
OLT link updates  : 2
Router #11 Access_Router (157.10.243.105): connecting...
----
Routers processed : 1
Live sessions read: 709
Matched clients   : 2
Router MAC updates: 0
OLT link updates  : 2
Router #11 Access_Router (157.10.243.105): connecting...
----
Routers processed : 1
Live sessions read: 709
Matched clients   : 2
Router MAC updates: 0
OLT link updates  : 2
Router #11 Access_Router (157.10.243.105): connecting...
----
Routers processed : 1
Live sessions read: 709
Matched clients   : 2
Router MAC updates: 0
OLT link updates  : 2
Router #11 Access_Router (157.10.243.105): connecting...
----
Routers processed : 1
Live sessions read: 709
Matched clients   : 2
Router MAC updates: 0
OLT link updates  : 2
Router #11 Access_Router (157.10.243.105): connecting...
----
Routers processed : 1
Live sessions read: 710
Matched clients   : 2
Router MAC updates: 0
OLT link updates  : 2
Router #11 Access_Router (157.10.243.105): connecting...
----
Routers processed : 1
Live sessions read: 711
Matched clients   : 2
Router MAC updates: 0
OLT link updates  : 2
Router #11 Access_Router (157.10.243.105): connecting...
----
Routers processed : 1
Live sessions read: 712
Matched clients   : 2
Router MAC updates: 0
OLT link updates  : 2
Router #11 Access_Router (157.10.243.105): connecting...
----
Routers processed : 1
Live sessions read: 711
Matched clients   : 2
Router MAC updates: 0
OLT link updates  : 2
Router #11 Access_Router (157.10.243.105): connecting...
----
Routers processed : 1
Live sessions read: 711
Matched clients   : 2
Router MAC updates: 0
OLT link updates  : 2
Router #11 Access_Router (157.10.243.105): connecting...
----
Routers processed : 1
Live sessions read: 706
Matched clients   : 2
Router MAC updates: 0
OLT link updates  : 2
Router #11 Access_Router (157.10.243.105): connecting...
----
Routers processed : 1
Live sessions read: 712
Matched clients   : 2
Router MAC updates: 0
OLT link updates  : 2
Router #11 Access_Router (157.10.243.105): connecting...
----
Routers processed : 1
Live sessions read: 712
Matched clients   : 2
Router MAC updates: 0
OLT link updates  : 2
Router #11 Access_Router (157.10.243.105): connecting...
----
Routers processed : 1
Live sessions read: 712
Matched clients   : 2
Router MAC updates: 0
OLT link updates  : 2
Router #11 Access_Router (157.10.243.105): connecting...
----
Routers processed : 1
Live sessions read: 711
Matched clients   : 2
Router MAC updates: 0
OLT link updates  : 2
Router #11 Access_Router (157.10.243.105): connecting...
----
Routers processed : 1
Live sessions read: 713
Matched clients   : 2
Router MAC updates: 0
OLT link updates  : 2
Router #11 Access_Router (157.10.243.105): connecting...
----
Routers processed : 1
Live sessions read: 714
Matched clients   : 2
Router MAC updates: 0
OLT link updates  : 2
Router #11 Access_Router (157.10.243.105): connecting...
----
Routers processed : 1
Live sessions read: 714
Matched clients   : 2
Router MAC updates: 0
OLT link updates  : 2
Router #11 Access_Router (157.10.243.105): connecting...
----
Routers processed : 1
Live sessions read: 714
Matched clients   : 2
Router MAC updates: 0
OLT link updates  : 2
Router #11 Access_Router (157.10.243.105): connecting...
----
Routers processed : 1
Live sessions read: 714
Matched clients   : 2
Router MAC updates: 0
OLT link updates  : 2
Router #11 Access_Router (157.10.243.105): connecting...
----
Routers processed : 1
Live sessions read: 713
Matched clients   : 2
Router MAC updates: 0
OLT link updates  : 2
Router #11 Access_Router (157.10.243.105): connecting...
----
Routers processed : 1
Live sessions read: 714
Matched clients   : 2
Router MAC updates: 0
OLT link updates  : 2
Router #11 Access_Router (157.10.243.105): connecting...
----
Routers processed : 1
Live sessions read: 709
Matched clients   : 2
Router MAC updates: 0
OLT link updates  : 2
Router #11 Access_Router (157.10.243.105): connecting...
----
Routers processed : 1
Live sessions read: 714
Matched clients   : 2
Router MAC updates: 0
OLT link updates  : 2
Router #11 Access_Router (157.10.243.105): connecting...
----
Routers processed : 1
Live sessions read: 714
Matched clients   : 2
Router MAC updates: 0
OLT link updates  : 2
Router #11 Access_Router (157.10.243.105): connecting...
----
Routers processed : 1
Live sessions read: 714
Matched clients   : 2
Router MAC updates: 0
OLT link updates  : 2
Router #11 Access_Router (157.10.243.105): connecting...
----
Routers processed : 1
Live sessions read: 714
Matched clients   : 2
Router MAC updates: 0
OLT link updates  : 2
Router #11 Access_Router (157.10.243.105): connecting...
----
Routers processed : 1
Live sessions read: 714
Matched clients   : 2
Router MAC updates: 0
OLT link updates  : 2
Router #11 Access_Router (157.10.243.105): connecting...
----
Routers processed : 1
Live sessions read: 713
Matched clients   : 2
Router MAC updates: 0
OLT link updates  : 2
Router #11 Access_Router (157.10.243.105): connecting...
----
Routers processed : 1
Live sessions read: 712
Matched clients   : 2
Router MAC updates: 0
OLT link updates  : 2
Router #11 Access_Router (157.10.243.105): connecting...
----
Routers processed : 1
Live sessions read: 712
Matched clients   : 2
Router MAC updates: 0
OLT link updates  : 2
Router #11 Access_Router (157.10.243.105): connecting...
----
Routers processed : 1
Live sessions read: 712
Matched clients   : 2
Router MAC updates: 0
OLT link updates  : 2
Router #11 Access_Router (157.10.243.105): connecting...
----
Routers processed : 1
Live sessions read: 712
Matched clients   : 2
Router MAC updates: 0
OLT link updates  : 2
Router #11 Access_Router (157.10.243.105): connecting...
----
Routers processed : 1
Live sessions read: 712
Matched clients   : 2
Router MAC updates: 0
OLT link updates  : 2
Router #11 Access_Router (157.10.243.105): connecting...
----
Routers processed : 1
Live sessions read: 695
Matched clients   : 2
Router MAC updates: 0
OLT link updates  : 2
Router #11 Access_Router (157.10.243.105): connecting...
----
Routers processed : 1
Live sessions read: 699
Matched clients   : 2
Router MAC updates: 0
OLT link updates  : 2
Router #11 Access_Router (157.10.243.105): connecting...
----
Routers processed : 1
Live sessions read: 699
Matched clients   : 2
Router MAC updates: 0
OLT link updates  : 2
Router #11 Access_Router (157.10.243.105): connecting...
----
Routers processed : 1
Live sessions read: 699
Matched clients   : 2
Router MAC updates: 0
OLT link updates  : 2
Router #11 Access_Router (157.10.243.105): connecting...
----
Routers processed : 1
Live sessions read: 699
Matched clients   : 2
Router MAC updates: 0
OLT link updates  : 2
Router #11 Access_Router (157.10.243.105): connecting...
----
Routers processed : 1
Live sessions read: 712
Matched clients   : 2
Router MAC updates: 0
OLT link updates  : 2
Router #11 Access_Router (157.10.243.105): connecting...
----
Routers processed : 1
Live sessions read: 713
Matched clients   : 2
Router MAC updates: 0
OLT link updates  : 2
Router #11 Access_Router (157.10.243.105): connecting...
----
Routers processed : 1
Live sessions read: 713
Matched clients   : 2
Router MAC updates: 0
OLT link updates  : 2
Router #11 Access_Router (157.10.243.105): connecting...
----
Routers processed : 1
Live sessions read: 713
Matched clients   : 2
Router MAC updates: 0
OLT link updates  : 2
Router #11 Access_Router (157.10.243.105): connecting...
----
Routers processed : 1
Live sessions read: 713
Matched clients   : 2
Router MAC updates: 0
OLT link updates  : 2
Router #11 Access_Router (157.10.243.105): connecting...
----
Routers processed : 1
Live sessions read: 713
Matched clients   : 2
Router MAC updates: 0
OLT link updates  : 2
Router #11 Access_Router (157.10.243.105): connecting...
----
Routers processed : 1
Live sessions read: 714
Matched clients   : 2
Router MAC updates: 0
OLT link updates  : 2
Router #11 Access_Router (157.10.243.105): connecting...
----
Routers processed : 1
Live sessions read: 711
Matched clients   : 2
Router MAC updates: 0
OLT link updates  : 2
Router #11 Access_Router (157.10.243.105): connecting...
----
Routers processed : 1
Live sessions read: 713
Matched clients   : 2
Router MAC updates: 0
OLT link updates  : 2
Router #11 Access_Router (157.10.243.105): connecting...
----
Routers processed : 1
Live sessions read: 713
Matched clients   : 2
Router MAC updates: 0
OLT link updates  : 2
Router #11 Access_Router (157.10.243.105): connecting...
----
Routers processed : 1
Live sessions read: 699
Matched clients   : 2
Router MAC updates: 0
OLT link updates  : 2
Router #11 Access_Router (157.10.243.105): connecting...
----
Routers processed : 1
Live sessions read: 699
Matched clients   : 2
Router MAC updates: 0
OLT link updates  : 2
Router #11 Access_Router (157.10.243.105): connecting...
----
Routers processed : 1
Live sessions read: 699
Matched clients   : 2
Router MAC updates: 0
OLT link updates  : 2
Router #11 Access_Router (157.10.243.105): connecting...
----
Routers processed : 1
Live sessions read: 699
Matched clients   : 2
Router MAC updates: 0
OLT link updates  : 2
Router #11 Access_Router (157.10.243.105): connecting...
----
Routers processed : 1
Live sessions read: 697
Matched clients   : 2
Router MAC updates: 0
OLT link updates  : 2
Router #11 Access_Router (157.10.243.105): connecting...
----
Routers processed : 1
Live sessions read: 697
Matched clients   : 2
Router MAC updates: 0
OLT link updates  : 2
Router #11 Access_Router (157.10.243.105): connecting...
----
Routers processed : 1
Live sessions read: 697
Matched clients   : 2
Router MAC updates: 0
OLT link updates  : 2
Router #11 Access_Router (157.10.243.105): connecting...
----
Routers processed : 1
Live sessions read: 698
Matched clients   : 2
Router MAC updates: 0
OLT link updates  : 2
Router #11 Access_Router (157.10.243.105): connecting...
----
Routers processed : 1
Live sessions read: 711
Matched clients   : 2
Router MAC updates: 0
OLT link updates  : 2
Router #11 Access_Router (157.10.243.105): connecting...
----
Routers processed : 1
Live sessions read: 708
Matched clients   : 2
Router MAC updates: 0
OLT link updates  : 2
Router #11 Access_Router (157.10.243.105): connecting...
----
Routers processed : 1
Live sessions read: 711
Matched clients   : 2
Router MAC updates: 0
OLT link updates  : 2
Router #11 Access_Router (157.10.243.105): connecting...
----
Routers processed : 1
Live sessions read: 711
Matched clients   : 2
Router MAC updates: 0
OLT link updates  : 2
Router #11 Access_Router (157.10.243.105): connecting...
----
Routers processed : 1
Live sessions read: 711
Matched clients   : 2
Router MAC updates: 0
OLT link updates  : 2
Router #11 Access_Router (157.10.243.105): connecting...
----
Routers processed : 1
Live sessions read: 711
Matched clients   : 2
Router MAC updates: 0
OLT link updates  : 2
Router #11 Access_Router (157.10.243.105): connecting...
----
Routers processed : 1
Live sessions read: 707
Matched clients   : 2
Router MAC updates: 0
OLT link updates  : 2
Router #11 Access_Router (157.10.243.105): connecting...
----
Routers processed : 1
Live sessions read: 697
Matched clients   : 2
Router MAC updates: 0
OLT link updates  : 2
Router #11 Access_Router (157.10.243.105): connecting...
----
Routers processed : 1
Live sessions read: 704
Matched clients   : 2
Router MAC updates: 0
OLT link updates  : 2
Router #11 Access_Router (157.10.243.105): connecting...
----
Routers processed : 1
Live sessions read: 703
Matched clients   : 2
Router MAC updates: 0
OLT link updates  : 2
Router #11 Access_Router (157.10.243.105): connecting...
----
Routers processed : 1
Live sessions read: 705
Matched clients   : 2
Router MAC updates: 0
OLT link updates  : 2
Router #11 Access_Router (157.10.243.105): connecting...
----
Routers processed : 1
Live sessions read: 705
Matched clients   : 2
Router MAC updates: 0
OLT link updates  : 2
Router #11 Access_Router (157.10.243.105): connecting...
----
Routers processed : 1
Live sessions read: 714
Matched clients   : 2
Router MAC updates: 0
OLT link updates  : 2
Router #11 Access_Router (157.10.243.105): connecting...
----
Routers processed : 1
Live sessions read: 711
Matched clients   : 2
Router MAC updates: 0
OLT link updates  : 2
Router #11 Access_Router (157.10.243.105): connecting...
----
Routers processed : 1
Live sessions read: 715
Matched clients   : 2
Router MAC updates: 0
OLT link updates  : 2
Router #11 Access_Router (157.10.243.105): connecting...
----
Routers processed : 1
Live sessions read: 716
Matched clients   : 2
Router MAC updates: 0
OLT link updates  : 2
Router #11 Access_Router (157.10.243.105): connecting...
----
Routers processed : 1
Live sessions read: 714
Matched clients   : 2
Router MAC updates: 0
OLT link updates  : 2
Router #11 Access_Router (157.10.243.105): connecting...
----
Routers processed : 1
Live sessions read: 713
Matched clients   : 2
Router MAC updates: 0
OLT link updates  : 2
Router #11 Access_Router (157.10.243.105): connecting...
----
Routers processed : 1
Live sessions read: 715
Matched clients   : 2
Router MAC updates: 0
OLT link updates  : 2
Router #11 Access_Router (157.10.243.105): connecting...
----
Routers processed : 1
Live sessions read: 734
Matched clients   : 2
Router MAC updates: 0
OLT link updates  : 2
Router #11 Access_Router (157.10.243.105): connecting...
----
Routers processed : 1
Live sessions read: 737
Matched clients   : 2
Router MAC updates: 0
OLT link updates  : 2
Router #11 Access_Router (157.10.243.105): connecting...
----
Routers processed : 1
Live sessions read: 737
Matched clients   : 2
Router MAC updates: 0
OLT link updates  : 2
Router #11 Access_Router (157.10.243.105): connecting...
----
Routers processed : 1
Live sessions read: 737
Matched clients   : 2
Router MAC updates: 0
OLT link updates  : 2
Router #11 Access_Router (157.10.243.105): connecting...
----
Routers processed : 1
Live sessions read: 736
Matched clients   : 2
Router MAC updates: 0
OLT link updates  : 2
Router #11 Access_Router (157.10.243.105): connecting...
----
Routers processed : 1
Live sessions read: 736
Matched clients   : 2
Router MAC updates: 0
OLT link updates  : 2
Router #11 Access_Router (157.10.243.105): connecting...
----
Routers processed : 1
Live sessions read: 731
Matched clients   : 2
Router MAC updates: 0
OLT link updates  : 2
Router #11 Access_Router (157.10.243.105): connecting...
----
Routers processed : 1
Live sessions read: 735
Matched clients   : 2
Router MAC updates: 0
OLT link updates  : 2
Router #11 Access_Router (157.10.243.105): connecting...
----
Routers processed : 1
Live sessions read: 735
Matched clients   : 2
Router MAC updates: 0
OLT link updates  : 2
Router #11 Access_Router (157.10.243.105): connecting...
----
Routers processed : 1
Live sessions read: 734
Matched clients   : 2
Router MAC updates: 0
OLT link updates  : 2
Router #11 Access_Router (157.10.243.105): connecting...
----
Routers processed : 1
Live sessions read: 736
Matched clients   : 2
Router MAC updates: 0
OLT link updates  : 2
Router #11 Access_Router (157.10.243.105): connecting...
----
Routers processed : 1
Live sessions read: 737
Matched clients   : 2
Router MAC updates: 0
OLT link updates  : 2
Router #11 Access_Router (157.10.243.105): connecting...
----
Routers processed : 1
Live sessions read: 737
Matched clients   : 2
Router MAC updates: 0
OLT link updates  : 2
Router #11 Access_Router (157.10.243.105): connecting...
----
Routers processed : 1
Live sessions read: 737
Matched clients   : 2
Router MAC updates: 0
OLT link updates  : 2
Router #11 Access_Router (157.10.243.105): connecting...
----
Routers processed : 1
Live sessions read: 734
Matched clients   : 2
Router MAC updates: 0
OLT link updates  : 2
Router #11 Access_Router (157.10.243.105): connecting...
----
Routers processed : 1
Live sessions read: 736
Matched clients   : 2
Router MAC updates: 0
OLT link updates  : 2
Router #11 Access_Router (157.10.243.105): connecting...
----
Routers processed : 1
Live sessions read: 736
Matched clients   : 2
Router MAC updates: 0
OLT link updates  : 2
Router #11 Access_Router (157.10.243.105): connecting...
----
Routers processed : 1
Live sessions read: 736
Matched clients   : 2
Router MAC updates: 0
OLT link updates  : 2
Router #11 Access_Router (157.10.243.105): connecting...
----
Routers processed : 1
Live sessions read: 733
Matched clients   : 2
Router MAC updates: 0
OLT link updates  : 2
Router #11 Access_Router (157.10.243.105): connecting...
----
Routers processed : 1
Live sessions read: 728
Matched clients   : 2
Router MAC updates: 0
OLT link updates  : 2
Router #11 Access_Router (157.10.243.105): connecting...
----
Routers processed : 1
Live sessions read: 728
Matched clients   : 2
Router MAC updates: 0
OLT link updates  : 2
Router #11 Access_Router (157.10.243.105): connecting...
----
Routers processed : 1
Live sessions read: 727
Matched clients   : 2
Router MAC updates: 0
OLT link updates  : 2
Router #11 Access_Router (157.10.243.105): connecting...
----
Routers processed : 1
Live sessions read: 725
Matched clients   : 2
Router MAC updates: 0
OLT link updates  : 2
Router #11 Access_Router (157.10.243.105): connecting...
----
Routers processed : 1
Live sessions read: 725
Matched clients   : 2
Router MAC updates: 0
OLT link updates  : 2
Router #11 Access_Router (157.10.243.105): connecting...
----
Routers processed : 1
Live sessions read: 724
Matched clients   : 2
Router MAC updates: 0
OLT link updates  : 2
Router #11 Access_Router (157.10.243.105): connecting...
----
Routers processed : 1
Live sessions read: 724
Matched clients   : 2
Router MAC updates: 0
OLT link updates  : 2
Router #11 Access_Router (157.10.243.105): connecting...
----
Routers processed : 1
Live sessions read: 726
Matched clients   : 2
Router MAC updates: 0
OLT link updates  : 2
Router #11 Access_Router (157.10.243.105): connecting...
----
Routers processed : 1
Live sessions read: 726
Matched clients   : 2
Router MAC updates: 0
OLT link updates  : 2
Router #11 Access_Router (157.10.243.105): connecting...
----
Routers processed : 1
Live sessions read: 725
Matched clients   : 2
Router MAC updates: 0
OLT link updates  : 2
Router #11 Access_Router (157.10.243.105): connecting...
----
Routers processed : 1
Live sessions read: 734
Matched clients   : 2
Router MAC updates: 0
OLT link updates  : 2
Router #11 Access_Router (157.10.243.105): connecting...
----
Routers processed : 1
Live sessions read: 731
Matched clients   : 2
Router MAC updates: 0
OLT link updates  : 2
Router #11 Access_Router (157.10.243.105): connecting...
----
Routers processed : 1
Live sessions read: 734
Matched clients   : 2
Router MAC updates: 0
OLT link updates  : 2
Router #11 Access_Router (157.10.243.105): connecting...
----
Routers processed : 1
Live sessions read: 736
Matched clients   : 2
Router MAC updates: 0
OLT link updates  : 2
Router #11 Access_Router (157.10.243.105): connecting...
----
Routers processed : 1
Live sessions read: 738
Matched clients   : 2
Router MAC updates: 0
OLT link updates  : 2
Router #11 Access_Router (157.10.243.105): connecting...
----
Routers processed : 1
Live sessions read: 737
Matched clients   : 2
Router MAC updates: 0
OLT link updates  : 2
Router #11 Access_Router (157.10.243.105): connecting...
----
Routers processed : 1
Live sessions read: 738
Matched clients   : 2
Router MAC updates: 0
OLT link updates  : 2
Router #11 Access_Router (157.10.243.105): connecting...
----
Routers processed : 1
Live sessions read: 737
Matched clients   : 2
Router MAC updates: 0
OLT link updates  : 2
Router #11 Access_Router (157.10.243.105): connecting...
----
Routers processed : 1
Live sessions read: 736
Matched clients   : 2
Router MAC updates: 0
OLT link updates  : 2
Router #11 Access_Router (157.10.243.105): connecting...
----
Routers processed : 1
Live sessions read: 736
Matched clients   : 2
Router MAC updates: 0
OLT link updates  : 2
Router #11 Access_Router (157.10.243.105): connecting...
----
Routers processed : 1
Live sessions read: 736
Matched clients   : 2
Router MAC updates: 0
OLT link updates  : 2
Router #11 Access_Router (157.10.243.105): connecting...
----
Routers processed : 1
Live sessions read: 738
Matched clients   : 2
Router MAC updates: 0
OLT link updates  : 2
Router #11 Access_Router (157.10.243.105): connecting...
----
Routers processed : 1
Live sessions read: 732
Matched clients   : 2
Router MAC updates: 0
OLT link updates  : 2
Router #11 Access_Router (157.10.243.105): connecting...
----
Routers processed : 1
Live sessions read: 728
Matched clients   : 2
Router MAC updates: 0
OLT link updates  : 2
Router #11 Access_Router (157.10.243.105): connecting...
----
Routers processed : 1
Live sessions read: 732
Matched clients   : 2
Router MAC updates: 0
OLT link updates  : 2
Router #11 Access_Router (157.10.243.105): connecting...
----
Routers processed : 1
Live sessions read: 732
Matched clients   : 2
Router MAC updates: 0
OLT link updates  : 2
Router #11 Access_Router (157.10.243.105): connecting...
----
Routers processed : 1
Live sessions read: 731
Matched clients   : 2
Router MAC updates: 0
OLT link updates  : 2
Router #11 Access_Router (157.10.243.105): connecting...
----
Routers processed : 1
Live sessions read: 732
Matched clients   : 2
Router MAC updates: 0
OLT link updates  : 2
Router #11 Access_Router (157.10.243.105): connecting...
----
Routers processed : 1
Live sessions read: 732
Matched clients   : 2
Router MAC updates: 0
OLT link updates  : 2
Router #11 Access_Router (157.10.243.105): connecting...
----
Routers processed : 1
Live sessions read: 732
Matched clients   : 2
Router MAC updates: 0
OLT link updates  : 2
Router #11 Access_Router (157.10.243.105): connecting...
----
Routers processed : 1
Live sessions read: 732
Matched clients   : 2
Router MAC updates: 0
OLT link updates  : 2
Router #11 Access_Router (157.10.243.105): connecting...
----
Routers processed : 1
Live sessions read: 739
Matched clients   : 2
Router MAC updates: 0
OLT link updates  : 2
Router #11 Access_Router (157.10.243.105): connecting...
----
Routers processed : 1
Live sessions read: 739
Matched clients   : 2
Router MAC updates: 0
OLT link updates  : 2
Router #11 Access_Router (157.10.243.105): connecting...
----
Routers processed : 1
Live sessions read: 739
Matched clients   : 2
Router MAC updates: 0
OLT link updates  : 2
Router #11 Access_Router (157.10.243.105): connecting...
----
Routers processed : 1
Live sessions read: 740
Matched clients   : 2
Router MAC updates: 0
OLT link updates  : 2
Router #11 Access_Router (157.10.243.105): connecting...
----
Routers processed : 1
Live sessions read: 738
Matched clients   : 2
Router MAC updates: 0
OLT link updates  : 2
Router #11 Access_Router (157.10.243.105): connecting...
----
Routers processed : 1
Live sessions read: 740
Matched clients   : 2
Router MAC updates: 0
OLT link updates  : 2
Router #11 Access_Router (157.10.243.105): connecting...
----
Routers processed : 1
Live sessions read: 739
Matched clients   : 2
Router MAC updates: 0
OLT link updates  : 2
Router #11 Access_Router (157.10.243.105): connecting...
----
Routers processed : 1
Live sessions read: 740
Matched clients   : 2
Router MAC updates: 0
OLT link updates  : 2
Router #11 Access_Router (157.10.243.105): connecting...
----
Routers processed : 1
Live sessions read: 741
Matched clients   : 2
Router MAC updates: 0
OLT link updates  : 2
Router #11 Access_Router (157.10.243.105): connecting...
----
Routers processed : 1
Live sessions read: 741
Matched clients   : 2
Router MAC updates: 0
OLT link updates  : 2
Router #11 Access_Router (157.10.243.105): connecting...
----
Routers processed : 1
Live sessions read: 741
Matched clients   : 2
Router MAC updates: 0
OLT link updates  : 2
Router #11 Access_Router (157.10.243.105): connecting...
----
Routers processed : 1
Live sessions read: 738
Matched clients   : 2
Router MAC updates: 0
OLT link updates  : 2
Router #11 Access_Router (157.10.243.105): connecting...
----
Routers processed : 1
Live sessions read: 740
Matched clients   : 2
Router MAC updates: 0
OLT link updates  : 2
Router #11 Access_Router (157.10.243.105): connecting...
----
Routers processed : 1
Live sessions read: 739
Matched clients   : 2
Router MAC updates: 0
OLT link updates  : 2
Router #11 Access_Router (157.10.243.105): connecting...
----
Routers processed : 1
Live sessions read: 738
Matched clients   : 2
Router MAC updates: 0
OLT link updates  : 2
Router #11 Access_Router (157.10.243.105): connecting...
----
Routers processed : 1
Live sessions read: 738
Matched clients   : 2
Router MAC updates: 0
OLT link updates  : 2
Router #11 Access_Router (157.10.243.105): connecting...
----
Routers processed : 1
Live sessions read: 737
Matched clients   : 2
Router MAC updates: 0
OLT link updates  : 2
Router #11 Access_Router (157.10.243.105): connecting...
----
Routers processed : 1
Live sessions read: 740
Matched clients   : 2
Router MAC updates: 0
OLT link updates  : 2
Router #11 Access_Router (157.10.243.105): connecting...
----
Routers processed : 1
Live sessions read: 740
Matched clients   : 2
Router MAC updates: 0
OLT link updates  : 2
Router #11 Access_Router (157.10.243.105): connecting...
----
Routers processed : 1
Live sessions read: 740
Matched clients   : 2
Router MAC updates: 0
OLT link updates  : 2
Router #11 Access_Router (157.10.243.105): connecting...
----
Routers processed : 1
Live sessions read: 739
Matched clients   : 2
Router MAC updates: 0
OLT link updates  : 2
Router #11 Access_Router (157.10.243.105): connecting...
----
Routers processed : 1
Live sessions read: 739
Matched clients   : 2
Router MAC updates: 0
OLT link updates  : 2
Router #11 Access_Router (157.10.243.105): connecting...
----
Routers processed : 1
Live sessions read: 740
Matched clients   : 2
Router MAC updates: 0
OLT link updates  : 2
Router #11 Access_Router (157.10.243.105): connecting...
----
Routers processed : 1
Live sessions read: 741
Matched clients   : 2
Router MAC updates: 0
OLT link updates  : 2
Router #11 Access_Router (157.10.243.105): connecting...
----
Routers processed : 1
Live sessions read: 740
Matched clients   : 2
Router MAC updates: 0
OLT link updates  : 2
Router #11 Access_Router (157.10.243.105): connecting...
----
Routers processed : 1
Live sessions read: 740
Matched clients   : 2
Router MAC updates: 0
OLT link updates  : 2
Router #11 Access_Router (157.10.243.105): connecting...
----
Routers processed : 1
Live sessions read: 740
Matched clients   : 2
Router MAC updates: 0
OLT link updates  : 2
Router #11 Access_Router (157.10.243.105): connecting...
----
Routers processed : 1
Live sessions read: 740
Matched clients   : 2
Router MAC updates: 0
OLT link updates  : 2
Router #11 Access_Router (157.10.243.105): connecting...
----
Routers processed : 1
Live sessions read: 738
Matched clients   : 2
Router MAC updates: 0
OLT link updates  : 2
Router #11 Access_Router (157.10.243.105): connecting...
----
Routers processed : 1
Live sessions read: 739
Matched clients   : 2
Router MAC updates: 0
OLT link updates  : 2
Router #11 Access_Router (157.10.243.105): connecting...
----
Routers processed : 1
Live sessions read: 739
Matched clients   : 2
Router MAC updates: 0
OLT link updates  : 2
Router #11 Access_Router (157.10.243.105): connecting...
----
Routers processed : 1
Live sessions read: 739
Matched clients   : 2
Router MAC updates: 0
OLT link updates  : 2
Router #11 Access_Router (157.10.243.105): connecting...
----
Routers processed : 1
Live sessions read: 740
Matched clients   : 2
Router MAC updates: 0
OLT link updates  : 2
Router #11 Access_Router (157.10.243.105): connecting...
----
Routers processed : 1
Live sessions read: 740
Matched clients   : 2
Router MAC updates: 0
OLT link updates  : 2
Router #11 Access_Router (157.10.243.105): connecting...
----
Routers processed : 1
Live sessions read: 741
Matched clients   : 2
Router MAC updates: 0
OLT link updates  : 2
Router #11 Access_Router (157.10.243.105): connecting...
----
Routers processed : 1
Live sessions read: 741
Matched clients   : 2
Router MAC updates: 0
OLT link updates  : 2
Router #11 Access_Router (157.10.243.105): connecting...
----
Routers processed : 1
Live sessions read: 741
Matched clients   : 2
Router MAC updates: 0
OLT link updates  : 2
Router #11 Access_Router (157.10.243.105): connecting...
----
Routers processed : 1
Live sessions read: 741
Matched clients   : 2
Router MAC updates: 0
OLT link updates  : 2
Router #11 Access_Router (157.10.243.105): connecting...
----
Routers processed : 1
Live sessions read: 740
Matched clients   : 2
Router MAC updates: 0
OLT link updates  : 2
Router #11 Access_Router (157.10.243.105): connecting...
----
Routers processed : 1
Live sessions read: 741
Matched clients   : 2
Router MAC updates: 0
OLT link updates  : 2
Router #11 Access_Router (157.10.243.105): connecting...
----
Routers processed : 1
Live sessions read: 739
Matched clients   : 2
Router MAC updates: 0
OLT link updates  : 2
Router #11 Access_Router (157.10.243.105): connecting...
----
Routers processed : 1
Live sessions read: 739
Matched clients   : 2
Router MAC updates: 0
OLT link updates  : 2
Router #11 Access_Router (157.10.243.105): connecting...
----
Routers processed : 1
Live sessions read: 740
Matched clients   : 2
Router MAC updates: 0
OLT link updates  : 2
Router #11 Access_Router (157.10.243.105): connecting...
----
Routers processed : 1
Live sessions read: 740
Matched clients   : 2
Router MAC updates: 0
OLT link updates  : 2
Router #11 Access_Router (157.10.243.105): connecting...
----
Routers processed : 1
Live sessions read: 740
Matched clients   : 2
Router MAC updates: 0
OLT link updates  : 2
Router #11 Access_Router (157.10.243.105): connecting...
----
Routers processed : 1
Live sessions read: 740
Matched clients   : 2
Router MAC updates: 0
OLT link updates  : 2
Router #11 Access_Router (157.10.243.105): connecting...
----
Routers processed : 1
Live sessions read: 741
Matched clients   : 2
Router MAC updates: 0
OLT link updates  : 2
Router #11 Access_Router (157.10.243.105): connecting...
----
Routers processed : 1
Live sessions read: 740
Matched clients   : 2
Router MAC updates: 0
OLT link updates  : 2
Router #11 Access_Router (157.10.243.105): connecting...
----
Routers processed : 1
Live sessions read: 740
Matched clients   : 2
Router MAC updates: 0
OLT link updates  : 2
Router #11 Access_Router (157.10.243.105): connecting...
----
Routers processed : 1
Live sessions read: 740
Matched clients   : 2
Router MAC updates: 0
OLT link updates  : 2
Router #11 Access_Router (157.10.243.105): connecting...
----
Routers processed : 1
Live sessions read: 739
Matched clients   : 2
Router MAC updates: 0
OLT link updates  : 2
Router #11 Access_Router (157.10.243.105): connecting...
----
Routers processed : 1
Live sessions read: 739
Matched clients   : 2
Router MAC updates: 0
OLT link updates  : 2
Router #11 Access_Router (157.10.243.105): connecting...
----
Routers processed : 1
Live sessions read: 738
Matched clients   : 2
Router MAC updates: 0
OLT link updates  : 2
Router #11 Access_Router (157.10.243.105): connecting...
----
Routers processed : 1
Live sessions read: 739
Matched clients   : 2
Router MAC updates: 0
OLT link updates  : 2
Router #11 Access_Router (157.10.243.105): connecting...
----
Routers processed : 1
Live sessions read: 739
Matched clients   : 2
Router MAC updates: 0
OLT link updates  : 2
Router #11 Access_Router (157.10.243.105): connecting...
----
Routers processed : 1
Live sessions read: 739
Matched clients   : 2
Router MAC updates: 0
OLT link updates  : 2
Router #11 Access_Router (157.10.243.105): connecting...
----
Routers processed : 1
Live sessions read: 740
Matched clients   : 2
Router MAC updates: 0
OLT link updates  : 2
Router #11 Access_Router (157.10.243.105): connecting...
----
Routers processed : 1
Live sessions read: 543
Matched clients   : 2
Router MAC updates: 0
OLT link updates  : 2
Router #11 Access_Router (157.10.243.105): connecting...
----
Routers processed : 1
Live sessions read: 543
Matched clients   : 2
Router MAC updates: 0
OLT link updates  : 2
Router #11 Access_Router (157.10.243.105): connecting...
----
Routers processed : 1
Live sessions read: 544
Matched clients   : 2
Router MAC updates: 0
OLT link updates  : 2
Router #11 Access_Router (157.10.243.105): connecting...
----
Routers processed : 1
Live sessions read: 543
Matched clients   : 2
Router MAC updates: 0
OLT link updates  : 2
Router #11 Access_Router (157.10.243.105): connecting...
----
Routers processed : 1
Live sessions read: 543
Matched clients   : 2
Router MAC updates: 0
OLT link updates  : 2
Router #11 Access_Router (157.10.243.105): connecting...
----
Routers processed : 1
Live sessions read: 543
Matched clients   : 2
Router MAC updates: 0
OLT link updates  : 2
Router #11 Access_Router (157.10.243.105): connecting...
----
Routers processed : 1
Live sessions read: 543
Matched clients   : 2
Router MAC updates: 0
OLT link updates  : 2
Router #11 Access_Router (157.10.243.105): connecting...
----
Routers processed : 1
Live sessions read: 724
Matched clients   : 2
Router MAC updates: 0
OLT link updates  : 2
Router #11 Access_Router (157.10.243.105): connecting...
----
Routers processed : 1
Live sessions read: 739
Matched clients   : 2
Router MAC updates: 0
OLT link updates  : 2
Router #11 Access_Router (157.10.243.105): connecting...
----
Routers processed : 1
Live sessions read: 740
Matched clients   : 2
Router MAC updates: 0
OLT link updates  : 2
Router #11 Access_Router (157.10.243.105): connecting...
----
Routers processed : 1
Live sessions read: 740
Matched clients   : 2
Router MAC updates: 0
OLT link updates  : 2
Router #11 Access_Router (157.10.243.105): connecting...
----
Routers processed : 1
Live sessions read: 738
Matched clients   : 2
Router MAC updates: 0
OLT link updates  : 2
Router #11 Access_Router (157.10.243.105): connecting...
----
Routers processed : 1
Live sessions read: 740
Matched clients   : 2
Router MAC updates: 0
OLT link updates  : 2
Router #11 Access_Router (157.10.243.105): connecting...
----
Routers processed : 1
Live sessions read: 740
Matched clients   : 2
Router MAC updates: 0
OLT link updates  : 2
Router #11 Access_Router (157.10.243.105): connecting...
----
Routers processed : 1
Live sessions read: 740
Matched clients   : 2
Router MAC updates: 0
OLT link updates  : 2
Router #11 Access_Router (157.10.243.105): connecting...
----
Routers processed : 1
Live sessions read: 740
Matched clients   : 2
Router MAC updates: 0
OLT link updates  : 2
Router #11 Access_Router (157.10.243.105): connecting...
----
Routers processed : 1
Live sessions read: 740
Matched clients   : 2
Router MAC updates: 0
OLT link updates  : 2
Router #11 Access_Router (157.10.243.105): connecting...
----
Routers processed : 1
Live sessions read: 740
Matched clients   : 2
Router MAC updates: 0
OLT link updates  : 2
Router #11 Access_Router (157.10.243.105): connecting...
----
Routers processed : 1
Live sessions read: 740
Matched clients   : 2
Router MAC updates: 0
OLT link updates  : 2
Router #11 Access_Router (157.10.243.105): connecting...
----
Routers processed : 1
Live sessions read: 739
Matched clients   : 2
Router MAC updates: 0
OLT link updates  : 2
Router #11 Access_Router (157.10.243.105): connecting...
----
Routers processed : 1
Live sessions read: 740
Matched clients   : 2
Router MAC updates: 0
OLT link updates  : 2
Router #11 Access_Router (157.10.243.105): connecting...
----
Routers processed : 1
Live sessions read: 401
Matched clients   : 0
Router MAC updates: 0
OLT link updates  : 0
Router #11 Access_Router (157.10.243.105): connecting...
----
Routers processed : 1
Live sessions read: 708
Matched clients   : 2
Router MAC updates: 0
OLT link updates  : 2
Router #11 Access_Router (157.10.243.105): connecting...
----
Routers processed : 1
Live sessions read: 723
Matched clients   : 2
Router MAC updates: 0
OLT link updates  : 2
Router #11 Access_Router (157.10.243.105): connecting...
----
Routers processed : 1
Live sessions read: 723
Matched clients   : 2
Router MAC updates: 0
OLT link updates  : 2
Router #11 Access_Router (157.10.243.105): connecting...
----
Routers processed : 1
Live sessions read: 723
Matched clients   : 2
Router MAC updates: 0
OLT link updates  : 2
Router #11 Access_Router (157.10.243.105): connecting...
----
Routers processed : 1
Live sessions read: 723
Matched clients   : 2
Router MAC updates: 0
OLT link updates  : 2
Router #11 Access_Router (157.10.243.105): connecting...
----
Routers processed : 1
Live sessions read: 723
Matched clients   : 2
Router MAC updates: 0
OLT link updates  : 2
Router #11 Access_Router (157.10.243.105): connecting...
----
Routers processed : 1
Live sessions read: 723
Matched clients   : 2
Router MAC updates: 0
OLT link updates  : 2
Router #11 Access_Router (157.10.243.105): connecting...
----
Routers processed : 1
Live sessions read: 724
Matched clients   : 2
Router MAC updates: 0
OLT link updates  : 2
Router #11 Access_Router (157.10.243.105): connecting...
----
Routers processed : 1
Live sessions read: 724
Matched clients   : 2
Router MAC updates: 0
OLT link updates  : 2
Router #11 Access_Router (157.10.243.105): connecting...
----
Routers processed : 1
Live sessions read: 723
Matched clients   : 2
Router MAC updates: 0
OLT link updates  : 2
Router #11 Access_Router (157.10.243.105): connecting...
----
Routers processed : 1
Live sessions read: 725
Matched clients   : 2
Router MAC updates: 0
OLT link updates  : 2
Router #11 Access_Router (157.10.243.105): connecting...
----
Routers processed : 1
Live sessions read: 725
Matched clients   : 2
Router MAC updates: 0
OLT link updates  : 2
Router #11 Access_Router (157.10.243.105): connecting...
----
Routers processed : 1
Live sessions read: 725
Matched clients   : 2
Router MAC updates: 0
OLT link updates  : 2
Router #11 Access_Router (157.10.243.105): connecting...
----
Routers processed : 1
Live sessions read: 725
Matched clients   : 2
Router MAC updates: 0
OLT link updates  : 2
Router #11 Access_Router (157.10.243.105): connecting...
----
Routers processed : 1
Live sessions read: 718
Matched clients   : 2
Router MAC updates: 0
OLT link updates  : 2
Router #11 Access_Router (157.10.243.105): connecting...
----
Routers processed : 1
Live sessions read: 718
Matched clients   : 2
Router MAC updates: 0
OLT link updates  : 2
Router #11 Access_Router (157.10.243.105): connecting...
----
Routers processed : 1
Live sessions read: 718
Matched clients   : 2
Router MAC updates: 0
OLT link updates  : 2
Router #11 Access_Router (157.10.243.105): connecting...
----
Routers processed : 1
Live sessions read: 718
Matched clients   : 2
Router MAC updates: 0
OLT link updates  : 2
Router #11 Access_Router (157.10.243.105): connecting...
----
Routers processed : 1
Live sessions read: 718
Matched clients   : 2
Router MAC updates: 0
OLT link updates  : 2
Router #11 Access_Router (157.10.243.105): connecting...
----
Routers processed : 1
Live sessions read: 718
Matched clients   : 2
Router MAC updates: 0
OLT link updates  : 2
Router #11 Access_Router (157.10.243.105): connecting...
----
Routers processed : 1
Live sessions read: 718
Matched clients   : 2
Router MAC updates: 0
OLT link updates  : 2
Router #11 Access_Router (157.10.243.105): connecting...
----
Routers processed : 1
Live sessions read: 717
Matched clients   : 2
Router MAC updates: 0
OLT link updates  : 2
Router #11 Access_Router (157.10.243.105): connecting...
----
Routers processed : 1
Live sessions read: 718
Matched clients   : 2
Router MAC updates: 0
OLT link updates  : 2
Router #11 Access_Router (157.10.243.105): connecting...
----
Routers processed : 1
Live sessions read: 718
Matched clients   : 2
Router MAC updates: 0
OLT link updates  : 2
Router #11 Access_Router (157.10.243.105): connecting...
----
Routers processed : 1
Live sessions read: 718
Matched clients   : 2
Router MAC updates: 0
OLT link updates  : 2
Router #11 Access_Router (157.10.243.105): connecting...
----
Routers processed : 1
Live sessions read: 718
Matched clients   : 2
Router MAC updates: 0
OLT link updates  : 2
Router #11 Access_Router (157.10.243.105): connecting...
----
Routers processed : 1
Live sessions read: 718
Matched clients   : 2
Router MAC updates: 0
OLT link updates  : 2
Router #11 Access_Router (157.10.243.105): connecting...
----
Routers processed : 1
Live sessions read: 718
Matched clients   : 2
Router MAC updates: 0
OLT link updates  : 2
Router #11 Access_Router (157.10.243.105): connecting...
----
Routers processed : 1
Live sessions read: 718
Matched clients   : 2
Router MAC updates: 0
OLT link updates  : 2
Router #11 Access_Router (157.10.243.105): connecting...
----
Routers processed : 1
Live sessions read: 718
Matched clients   : 2
Router MAC updates: 0
OLT link updates  : 2
Router #11 Access_Router (157.10.243.105): connecting...
----
Routers processed : 1
Live sessions read: 718
Matched clients   : 2
Router MAC updates: 0
OLT link updates  : 2
Router #11 Access_Router (157.10.243.105): connecting...
----
Routers processed : 1
Live sessions read: 716
Matched clients   : 2
Router MAC updates: 0
OLT link updates  : 2
Router #11 Access_Router (157.10.243.105): connecting...
----
Routers processed : 1
Live sessions read: 716
Matched clients   : 2
Router MAC updates: 0
OLT link updates  : 2
Router #11 Access_Router (157.10.243.105): connecting...
----
Routers processed : 1
Live sessions read: 716
Matched clients   : 2
Router MAC updates: 0
OLT link updates  : 2
Router #11 Access_Router (157.10.243.105): connecting...
----
Routers processed : 1
Live sessions read: 717
Matched clients   : 2
Router MAC updates: 0
OLT link updates  : 2
Router #11 Access_Router (157.10.243.105): connecting...
----
Routers processed : 1
Live sessions read: 717
Matched clients   : 2
Router MAC updates: 0
OLT link updates  : 2
Router #11 Access_Router (157.10.243.105): connecting...
----
Routers processed : 1
Live sessions read: 717
Matched clients   : 2
Router MAC updates: 0
OLT link updates  : 2
Router #11 Access_Router (157.10.243.105): connecting...
----
Routers processed : 1
Live sessions read: 717
Matched clients   : 2
Router MAC updates: 0
OLT link updates  : 2
Router #11 Access_Router (157.10.243.105): connecting...
----
Routers processed : 1
Live sessions read: 717
Matched clients   : 2
Router MAC updates: 0
OLT link updates  : 2
Router #11 Access_Router (157.10.243.105): connecting...
----
Routers processed : 1
Live sessions read: 717
Matched clients   : 2
Router MAC updates: 0
OLT link updates  : 2
Router #11 Access_Router (157.10.243.105): connecting...
----
Routers processed : 1
Live sessions read: 717
Matched clients   : 2
Router MAC updates: 0
OLT link updates  : 2
Router #11 Access_Router (157.10.243.105): connecting...
----
Routers processed : 1
Live sessions read: 717
Matched clients   : 2
Router MAC updates: 0
OLT link updates  : 2
Router #11 Access_Router (157.10.243.105): connecting...
----
Routers processed : 1
Live sessions read: 718
Matched clients   : 2
Router MAC updates: 0
OLT link updates  : 2
Router #11 Access_Router (157.10.243.105): connecting...
----
Routers processed : 1
Live sessions read: 718
Matched clients   : 2
Router MAC updates: 0
OLT link updates  : 2
Router #11 Access_Router (157.10.243.105): connecting...
----
Routers processed : 1
Live sessions read: 718
Matched clients   : 2
Router MAC updates: 0
OLT link updates  : 2
Router #11 Access_Router (157.10.243.105): connecting...
----
Routers processed : 1
Live sessions read: 717
Matched clients   : 2
Router MAC updates: 0
OLT link updates  : 2
Router #11 Access_Router (157.10.243.105): connecting...
----
Routers processed : 1
Live sessions read: 718
Matched clients   : 2
Router MAC updates: 0
OLT link updates  : 2
Router #11 Access_Router (157.10.243.105): connecting...
----
Routers processed : 1
Live sessions read: 718
Matched clients   : 2
Router MAC updates: 0
OLT link updates  : 2
Router #11 Access_Router (157.10.243.105): connecting...
----
Routers processed : 1
Live sessions read: 718
Matched clients   : 2
Router MAC updates: 0
OLT link updates  : 2
Router #11 Access_Router (157.10.243.105): connecting...
----
Routers processed : 1
Live sessions read: 718
Matched clients   : 2
Router MAC updates: 0
OLT link updates  : 2
Router #11 Access_Router (157.10.243.105): connecting...
----
Routers processed : 1
Live sessions read: 716
Matched clients   : 2
Router MAC updates: 0
OLT link updates  : 2
Router #11 Access_Router (157.10.243.105): connecting...
----
Routers processed : 1
Live sessions read: 717
Matched clients   : 2
Router MAC updates: 0
OLT link updates  : 2
Router #11 Access_Router (157.10.243.105): connecting...
----
Routers processed : 1
Live sessions read: 717
Matched clients   : 2
Router MAC updates: 0
OLT link updates  : 2
Router #11 Access_Router (157.10.243.105): connecting...
----
Routers processed : 1
Live sessions read: 716
Matched clients   : 2
Router MAC updates: 0
OLT link updates  : 2
Router #11 Access_Router (157.10.243.105): connecting...
----
Routers processed : 1
Live sessions read: 717
Matched clients   : 2
Router MAC updates: 0
OLT link updates  : 2
Router #11 Access_Router (157.10.243.105): connecting...
----
Routers processed : 1
Live sessions read: 717
Matched clients   : 2
Router MAC updates: 0
OLT link updates  : 2
Router #11 Access_Router (157.10.243.105): connecting...
----
Routers processed : 1
Live sessions read: 717
Matched clients   : 2
Router MAC updates: 0
OLT link updates  : 2
Router #11 Access_Router (157.10.243.105): connecting...
----
Routers processed : 1
Live sessions read: 716
Matched clients   : 2
Router MAC updates: 0
OLT link updates  : 2
Router #11 Access_Router (157.10.243.105): connecting...
----
Routers processed : 1
Live sessions read: 716
Matched clients   : 2
Router MAC updates: 0
OLT link updates  : 2
Router #11 Access_Router (157.10.243.105): connecting...
----
Routers processed : 1
Live sessions read: 717
Matched clients   : 2
Router MAC updates: 0
OLT link updates  : 2
Router #11 Access_Router (157.10.243.105): connecting...
----
Routers processed : 1
Live sessions read: 717
Matched clients   : 2
Router MAC updates: 0
OLT link updates  : 2
Router #11 Access_Router (157.10.243.105): connecting...
----
Routers processed : 1
Live sessions read: 717
Matched clients   : 2
Router MAC updates: 0
OLT link updates  : 2
Router #11 Access_Router (157.10.243.105): connecting...
----
Routers processed : 1
Live sessions read: 717
Matched clients   : 2
Router MAC updates: 0
OLT link updates  : 2
Router #11 Access_Router (157.10.243.105): connecting...
----
Routers processed : 1
Live sessions read: 717
Matched clients   : 2
Router MAC updates: 0
OLT link updates  : 2
Router #11 Access_Router (157.10.243.105): connecting...
----
Routers processed : 1
Live sessions read: 717
Matched clients   : 2
Router MAC updates: 0
OLT link updates  : 2
Router #11 Access_Router (157.10.243.105): connecting...
----
Routers processed : 1
Live sessions read: 717
Matched clients   : 2
Router MAC updates: 0
OLT link updates  : 2
Router #11 Access_Router (157.10.243.105): connecting...
----
Routers processed : 1
Live sessions read: 717
Matched clients   : 2
Router MAC updates: 0
OLT link updates  : 2
Router #11 Access_Router (157.10.243.105): connecting...
----
Routers processed : 1
Live sessions read: 717
Matched clients   : 2
Router MAC updates: 0
OLT link updates  : 2
Router #11 Access_Router (157.10.243.105): connecting...
----
Routers processed : 1
Live sessions read: 718
Matched clients   : 2
Router MAC updates: 0
OLT link updates  : 2
Router #11 Access_Router (157.10.243.105): connecting...
----
Routers processed : 1
Live sessions read: 717
Matched clients   : 2
Router MAC updates: 0
OLT link updates  : 2
Router #11 Access_Router (157.10.243.105): connecting...
----
Routers processed : 1
Live sessions read: 717
Matched clients   : 2
Router MAC updates: 0
OLT link updates  : 2
Router #11 Access_Router (157.10.243.105): connecting...
----
Routers processed : 1
Live sessions read: 717
Matched clients   : 2
Router MAC updates: 0
OLT link updates  : 2
Router #11 Access_Router (157.10.243.105): connecting...
----
Routers processed : 1
Live sessions read: 716
Matched clients   : 2
Router MAC updates: 0
OLT link updates  : 2
Router #11 Access_Router (157.10.243.105): connecting...
----
Routers processed : 1
Live sessions read: 717
Matched clients   : 2
Router MAC updates: 0
OLT link updates  : 2
Router #11 Access_Router (157.10.243.105): connecting...
----
Routers processed : 1
Live sessions read: 717
Matched clients   : 2
Router MAC updates: 0
OLT link updates  : 2
Router #11 Access_Router (157.10.243.105): connecting...
----
Routers processed : 1
Live sessions read: 718
Matched clients   : 2
Router MAC updates: 0
OLT link updates  : 2
Router #11 Access_Router (157.10.243.105): connecting...
----
Routers processed : 1
Live sessions read: 718
Matched clients   : 2
Router MAC updates: 0
OLT link updates  : 2
Router #11 Access_Router (157.10.243.105): connecting...
----
Routers processed : 1
Live sessions read: 119
Matched clients   : 1
Router MAC updates: 0
OLT link updates  : 1
Router #11 Access_Router (157.10.243.105): connecting...
----
Routers processed : 1
Live sessions read: 694
Matched clients   : 2
Router MAC updates: 0
OLT link updates  : 2
Router #11 Access_Router (157.10.243.105): connecting...
----
Routers processed : 1
Live sessions read: 728
Matched clients   : 2
Router MAC updates: 0
OLT link updates  : 2
Router #11 Access_Router (157.10.243.105): connecting...
----
Routers processed : 1
Live sessions read: 729
Matched clients   : 2
Router MAC updates: 0
OLT link updates  : 2
Router #11 Access_Router (157.10.243.105): connecting...
----
Routers processed : 1
Live sessions read: 730
Matched clients   : 2
Router MAC updates: 0
OLT link updates  : 2
Router #11 Access_Router (157.10.243.105): connecting...
----
Routers processed : 1
Live sessions read: 731
Matched clients   : 2
Router MAC updates: 0
OLT link updates  : 2
Router #11 Access_Router (157.10.243.105): connecting...
----
Routers processed : 1
Live sessions read: 730
Matched clients   : 2
Router MAC updates: 0
OLT link updates  : 2
Router #11 Access_Router (157.10.243.105): connecting...
----
Routers processed : 1
Live sessions read: 731
Matched clients   : 2
Router MAC updates: 0
OLT link updates  : 2
Router #11 Access_Router (157.10.243.105): connecting...
----
Routers processed : 1
Live sessions read: 732
Matched clients   : 2
Router MAC updates: 0
OLT link updates  : 2
Router #11 Access_Router (157.10.243.105): connecting...
----
Routers processed : 1
Live sessions read: 732
Matched clients   : 2
Router MAC updates: 0
OLT link updates  : 2
Router #11 Access_Router (157.10.243.105): connecting...
----
Routers processed : 1
Live sessions read: 732
Matched clients   : 2
Router MAC updates: 0
OLT link updates  : 2
Router #11 Access_Router (157.10.243.105): connecting...
----
Routers processed : 1
Live sessions read: 732
Matched clients   : 2
Router MAC updates: 0
OLT link updates  : 2
Router #11 Access_Router (157.10.243.105): connecting...
----
Routers processed : 1
Live sessions read: 733
Matched clients   : 2
Router MAC updates: 0
OLT link updates  : 2
Router #11 Access_Router (157.10.243.105): connecting...
----
Routers processed : 1
Live sessions read: 732
Matched clients   : 2
Router MAC updates: 0
OLT link updates  : 2
Router #11 Access_Router (157.10.243.105): connecting...
----
Routers processed : 1
Live sessions read: 733
Matched clients   : 2
Router MAC updates: 0
OLT link updates  : 2
Router #11 Access_Router (157.10.243.105): connecting...
----
Routers processed : 1
Live sessions read: 733
Matched clients   : 2
Router MAC updates: 0
OLT link updates  : 2
Router #11 Access_Router (157.10.243.105): connecting...
----
Routers processed : 1
Live sessions read: 731
Matched clients   : 2
Router MAC updates: 0
OLT link updates  : 2
Router #11 Access_Router (157.10.243.105): connecting...
----
Routers processed : 1
Live sessions read: 733
Matched clients   : 2
Router MAC updates: 0
OLT link updates  : 2
Router #11 Access_Router (157.10.243.105): connecting...
----
Routers processed : 1
Live sessions read: 734
Matched clients   : 2
Router MAC updates: 0
OLT link updates  : 2
Router #11 Access_Router (157.10.243.105): connecting...
----
Routers processed : 1
Live sessions read: 734
Matched clients   : 2
Router MAC updates: 0
OLT link updates  : 2
Router #11 Access_Router (157.10.243.105): connecting...
----
Routers processed : 1
Live sessions read: 734
Matched clients   : 2
Router MAC updates: 0
OLT link updates  : 2
Router #11 Access_Router (157.10.243.105): connecting...
----
Routers processed : 1
Live sessions read: 734
Matched clients   : 2
Router MAC updates: 0
OLT link updates  : 2
Router #11 Access_Router (157.10.243.105): connecting...
----
Routers processed : 1
Live sessions read: 734
Matched clients   : 2
Router MAC updates: 0
OLT link updates  : 2
Router #11 Access_Router (157.10.243.105): connecting...
----
Routers processed : 1
Live sessions read: 734
Matched clients   : 2
Router MAC updates: 0
OLT link updates  : 2
Router #11 Access_Router (157.10.243.105): connecting...
----
Routers processed : 1
Live sessions read: 734
Matched clients   : 2
Router MAC updates: 0
OLT link updates  : 2
Router #11 Access_Router (157.10.243.105): connecting...
----
Routers processed : 1
Live sessions read: 734
Matched clients   : 2
Router MAC updates: 0
OLT link updates  : 2
Router #11 Access_Router (157.10.243.105): connecting...
----
Routers processed : 1
Live sessions read: 734
Matched clients   : 2
Router MAC updates: 0
OLT link updates  : 2
Router #11 Access_Router (157.10.243.105): connecting...
----
Routers processed : 1
Live sessions read: 734
Matched clients   : 2
Router MAC updates: 0
OLT link updates  : 2
Router #11 Access_Router (157.10.243.105): connecting...
----
Routers processed : 1
Live sessions read: 733
Matched clients   : 2
Router MAC updates: 0
OLT link updates  : 2
Router #11 Access_Router (157.10.243.105): connecting...
----
Routers processed : 1
Live sessions read: 735
Matched clients   : 2
Router MAC updates: 0
OLT link updates  : 2
Router #11 Access_Router (157.10.243.105): connecting...
----
Routers processed : 1
Live sessions read: 736
Matched clients   : 2
Router MAC updates: 0
OLT link updates  : 2
Router #11 Access_Router (157.10.243.105): connecting...
----
Routers processed : 1
Live sessions read: 735
Matched clients   : 2
Router MAC updates: 0
OLT link updates  : 2
Router #11 Access_Router (157.10.243.105): connecting...
----
Routers processed : 1
Live sessions read: 735
Matched clients   : 2
Router MAC updates: 0
OLT link updates  : 2
Router #11 Access_Router (157.10.243.105): connecting...
----
Routers processed : 1
Live sessions read: 735
Matched clients   : 2
Router MAC updates: 0
OLT link updates  : 2
Router #11 Access_Router (157.10.243.105): connecting...
----
Routers processed : 1
Live sessions read: 735
Matched clients   : 2
Router MAC updates: 0
OLT link updates  : 2
Router #11 Access_Router (157.10.243.105): connecting...
----
Routers processed : 1
Live sessions read: 735
Matched clients   : 2
Router MAC updates: 0
OLT link updates  : 2
Router #11 Access_Router (157.10.243.105): connecting...
----
Routers processed : 1
Live sessions read: 735
Matched clients   : 2
Router MAC updates: 0
OLT link updates  : 2
Router #11 Access_Router (157.10.243.105): connecting...
----
Routers processed : 1
Live sessions read: 734
Matched clients   : 2
Router MAC updates: 0
OLT link updates  : 2
Router #11 Access_Router (157.10.243.105): connecting...
----
Routers processed : 1
Live sessions read: 734
Matched clients   : 2
Router MAC updates: 0
OLT link updates  : 2
Router #11 Access_Router (157.10.243.105): connecting...
----
Routers processed : 1
Live sessions read: 734
Matched clients   : 2
Router MAC updates: 0
OLT link updates  : 2
Router #11 Access_Router (157.10.243.105): connecting...
----
Routers processed : 1
Live sessions read: 470
Matched clients   : 1
Router MAC updates: 0
OLT link updates  : 1
Router #11 Access_Router (157.10.243.105): connecting...
----
Routers processed : 1
Live sessions read: 575
Matched clients   : 1
Router MAC updates: 0
OLT link updates  : 1
Router #11 Access_Router (157.10.243.105): connecting...
----
Routers processed : 1
Live sessions read: 731
Matched clients   : 2
Router MAC updates: 0
OLT link updates  : 2
Router #11 Access_Router (157.10.243.105): connecting...
----
Routers processed : 1
Live sessions read: 732
Matched clients   : 2
Router MAC updates: 0
OLT link updates  : 2
Router #11 Access_Router (157.10.243.105): connecting...
----
Routers processed : 1
Live sessions read: 732
Matched clients   : 2
Router MAC updates: 0
OLT link updates  : 2
Router #11 Access_Router (157.10.243.105): connecting...
----
Routers processed : 1
Live sessions read: 734
Matched clients   : 2
Router MAC updates: 0
OLT link updates  : 2
Router #11 Access_Router (157.10.243.105): connecting...
----
Routers processed : 1
Live sessions read: 734
Matched clients   : 2
Router MAC updates: 0
OLT link updates  : 2
Router #11 Access_Router (157.10.243.105): connecting...
----
Routers processed : 1
Live sessions read: 734
Matched clients   : 2
Router MAC updates: 0
OLT link updates  : 2
Router #11 Access_Router (157.10.243.105): connecting...
----
Routers processed : 1
Live sessions read: 731
Matched clients   : 2
Router MAC updates: 0
OLT link updates  : 2
Router #11 Access_Router (157.10.243.105): connecting...
----
Routers processed : 1
Live sessions read: 730
Matched clients   : 2
Router MAC updates: 0
OLT link updates  : 2
Router #11 Access_Router (157.10.243.105): connecting...
----
Routers processed : 1
Live sessions read: 730
Matched clients   : 2
Router MAC updates: 0
OLT link updates  : 2
Router #11 Access_Router (157.10.243.105): connecting...
----
Routers processed : 1
Live sessions read: 728
Matched clients   : 2
Router MAC updates: 0
OLT link updates  : 2
Router #11 Access_Router (157.10.243.105): connecting...
----
Routers processed : 1
Live sessions read: 727
Matched clients   : 2
Router MAC updates: 0
OLT link updates  : 2
Router #11 Access_Router (157.10.243.105): connecting...
----
Routers processed : 1
Live sessions read: 729
Matched clients   : 2
Router MAC updates: 0
OLT link updates  : 2
Router #11 Access_Router (157.10.243.105): connecting...
----
Routers processed : 1
Live sessions read: 729
Matched clients   : 2
Router MAC updates: 0
OLT link updates  : 2
Router #11 Access_Router (157.10.243.105): connecting...
----
Routers processed : 1
Live sessions read: 729
Matched clients   : 2
Router MAC updates: 0
OLT link updates  : 2
Router #11 Access_Router (157.10.243.105): connecting...
----
Routers processed : 1
Live sessions read: 729
Matched clients   : 2
Router MAC updates: 0
OLT link updates  : 2
Router #11 Access_Router (157.10.243.105): connecting...
----
Routers processed : 1
Live sessions read: 729
Matched clients   : 2
Router MAC updates: 0
OLT link updates  : 2
Router #11 Access_Router (157.10.243.105): connecting...
----
Routers processed : 1
Live sessions read: 730
Matched clients   : 2
Router MAC updates: 0
OLT link updates  : 2
Router #11 Access_Router (157.10.243.105): connecting...
----
Routers processed : 1
Live sessions read: 729
Matched clients   : 2
Router MAC updates: 0
OLT link updates  : 2
Router #11 Access_Router (157.10.243.105): connecting...
----
Routers processed : 1
Live sessions read: 730
Matched clients   : 2
Router MAC updates: 0
OLT link updates  : 2
Router #11 Access_Router (157.10.243.105): connecting...
----
Routers processed : 1
Live sessions read: 728
Matched clients   : 2
Router MAC updates: 0
OLT link updates  : 2
Router #11 Access_Router (157.10.243.105): connecting...
----
Routers processed : 1
Live sessions read: 729
Matched clients   : 2
Router MAC updates: 0
OLT link updates  : 2
Router #11 Access_Router (157.10.243.105): connecting...
----
Routers processed : 1
Live sessions read: 721
Matched clients   : 2
Router MAC updates: 0
OLT link updates  : 2
Router #11 Access_Router (157.10.243.105): connecting...
----
Routers processed : 1
Live sessions read: 721
Matched clients   : 2
Router MAC updates: 0
OLT link updates  : 2
Router #11 Access_Router (157.10.243.105): connecting...
----
Routers processed : 1
Live sessions read: 731
Matched clients   : 2
Router MAC updates: 0
OLT link updates  : 2
Router #11 Access_Router (157.10.243.105): connecting...
----
Routers processed : 1
Live sessions read: 731
Matched clients   : 2
Router MAC updates: 0
OLT link updates  : 2
Router #11 Access_Router (157.10.243.105): connecting...
----
Routers processed : 1
Live sessions read: 731
Matched clients   : 2
Router MAC updates: 0
OLT link updates  : 2
Router #11 Access_Router (157.10.243.105): connecting...
----
Routers processed : 1
Live sessions read: 730
Matched clients   : 2
Router MAC updates: 0
OLT link updates  : 2
Router #11 Access_Router (157.10.243.105): connecting...
----
Routers processed : 1
Live sessions read: 729
Matched clients   : 2
Router MAC updates: 0
OLT link updates  : 2
