[2025-12-14 00:10:02] Nothing to do (filters applied). due_limit=1, router_id=0, area='', batch=500, dry=0
[2025-12-14 00:20:01] Nothing to do (filters applied). due_limit=1, router_id=0, area='', batch=500, dry=0
[2025-12-14 00:30:04] Nothing to do (filters applied). due_limit=1, router_id=0, area='', batch=500, dry=0
[2025-12-14 00:40:04] Nothing to do (filters applied). due_limit=1, router_id=0, area='', batch=500, dry=0
[2025-12-14 00:50:02] Nothing to do (filters applied). due_limit=1, router_id=0, area='', batch=500, dry=0
[2025-12-14 01:00:02] Nothing to do (filters applied). due_limit=1, router_id=0, area='', batch=500, dry=0
[2025-12-14 01:10:02] Nothing to do (filters applied). due_limit=1, router_id=0, area='', batch=500, dry=0
[2025-12-14 01:20:01] Nothing to do (filters applied). due_limit=1, router_id=0, area='', batch=500, dry=0
[2025-12-14 01:30:02] Nothing to do (filters applied). due_limit=1, router_id=0, area='', batch=500, dry=0
[2025-12-14 01:40:06] Nothing to do (filters applied). due_limit=1, router_id=0, area='', batch=500, dry=0
[2025-12-14 01:50:01] Nothing to do (filters applied). due_limit=1, router_id=0, area='', batch=500, dry=0
[2025-12-14 02:00:02] Nothing to do (filters applied). due_limit=1, router_id=0, area='', batch=500, dry=0
[2025-12-14 02:10:02] Nothing to do (filters applied). due_limit=1, router_id=0, area='', batch=500, dry=0
[2025-12-14 02:20:01] Nothing to do (filters applied). due_limit=1, router_id=0, area='', batch=500, dry=0
[2025-12-14 02:30:02] Nothing to do (filters applied). due_limit=1, router_id=0, area='', batch=500, dry=0
[2025-12-14 02:40:02] Nothing to do (filters applied). due_limit=1, router_id=0, area='', batch=500, dry=0
[2025-12-14 02:50:02] Nothing to do (filters applied). due_limit=1, router_id=0, area='', batch=500, dry=0
[2025-12-14 03:00:01] Nothing to do (filters applied). due_limit=1, router_id=0, area='', batch=500, dry=0
[2025-12-14 03:10:02] Nothing to do (filters applied). due_limit=1, router_id=0, area='', batch=500, dry=0
[2025-12-14 03:20:01] Nothing to do (filters applied). due_limit=1, router_id=0, area='', batch=500, dry=0
[2025-12-14 03:30:01] Nothing to do (filters applied). due_limit=1, router_id=0, area='', batch=500, dry=0
[2025-12-14 03:40:01] Nothing to do (filters applied). due_limit=1, router_id=0, area='', batch=500, dry=0
[2025-12-14 03:50:13] Nothing to do (filters applied). due_limit=1, router_id=0, area='', batch=500, dry=0
[2025-12-14 04:00:02] Nothing to do (filters applied). due_limit=1, router_id=0, area='', batch=500, dry=0
[2025-12-14 04:19:54] Nothing to do (filters applied). due_limit=1, router_id=0, area='', batch=500, dry=0
[2025-12-14 04:20:00] Nothing to do (filters applied). due_limit=1, router_id=0, area='', batch=500, dry=0
[2025-12-14 05:10:01] Nothing to do (filters applied). due_limit=1, router_id=0, area='', batch=500, dry=0
[2025-12-14 05:20:02] Nothing to do (filters applied). due_limit=1, router_id=0, area='', batch=500, dry=0
[2025-12-14 05:30:01] Nothing to do (filters applied). due_limit=1, router_id=0, area='', batch=500, dry=0
[2025-12-14 05:40:01] Nothing to do (filters applied). due_limit=1, router_id=0, area='', batch=500, dry=0
[2025-12-14 05:50:02] Nothing to do (filters applied). due_limit=1, router_id=0, area='', batch=500, dry=0
[2025-12-14 06:00:01] Nothing to do (filters applied). due_limit=1, router_id=0, area='', batch=500, dry=0
[2025-12-14 06:10:02] Nothing to do (filters applied). due_limit=1, router_id=0, area='', batch=500, dry=0
[2025-12-14 06:20:01] Nothing to do (filters applied). due_limit=1, router_id=0, area='', batch=500, dry=0
[2025-12-14 06:30:01] Nothing to do (filters applied). due_limit=1, router_id=0, area='', batch=500, dry=0
[2025-12-14 06:40:02] Nothing to do (filters applied). due_limit=1, router_id=0, area='', batch=500, dry=0
[2025-12-14 06:50:02] Nothing to do (filters applied). due_limit=1, router_id=0, area='', batch=500, dry=0
[2025-12-14 07:00:01] Nothing to do (filters applied). due_limit=1, router_id=0, area='', batch=500, dry=0
[2025-12-14 07:10:01] Nothing to do (filters applied). due_limit=1, router_id=0, area='', batch=500, dry=0
[2025-12-14 07:20:02] Nothing to do (filters applied). due_limit=1, router_id=0, area='', batch=500, dry=0
[2025-12-14 07:30:02] Nothing to do (filters applied). due_limit=1, router_id=0, area='', batch=500, dry=0
[2025-12-14 07:40:02] Nothing to do (filters applied). due_limit=1, router_id=0, area='', batch=500, dry=0
[2025-12-14 07:50:02] Nothing to do (filters applied). due_limit=1, router_id=0, area='', batch=500, dry=0
[2025-12-14 08:00:02] Nothing to do (filters applied). due_limit=1, router_id=0, area='', batch=500, dry=0
[2025-12-14 08:10:01] Nothing to do (filters applied). due_limit=1, router_id=0, area='', batch=500, dry=0
[2025-12-14 08:20:02] Nothing to do (filters applied). due_limit=1, router_id=0, area='', batch=500, dry=0
[2025-12-14 08:30:02] Nothing to do (filters applied). due_limit=1, router_id=0, area='', batch=500, dry=0
[2025-12-14 08:40:02] Nothing to do (filters applied). due_limit=1, router_id=0, area='', batch=500, dry=0
[2025-12-14 08:50:02] Nothing to do (filters applied). due_limit=1, router_id=0, area='', batch=500, dry=0
[2025-12-14 09:00:01] Nothing to do (filters applied). due_limit=1, router_id=0, area='', batch=500, dry=0
[2025-12-14 09:10:01] Nothing to do (filters applied). due_limit=1, router_id=0, area='', batch=500, dry=0
[2025-12-14 09:20:02] Nothing to do (filters applied). due_limit=1, router_id=0, area='', batch=500, dry=0
[2025-12-14 09:30:02] Nothing to do (filters applied). due_limit=1, router_id=0, area='', batch=500, dry=0
[2025-12-14 09:40:01] Nothing to do (filters applied). due_limit=1, router_id=0, area='', batch=500, dry=0
[2025-12-14 09:50:01] Nothing to do (filters applied). due_limit=1, router_id=0, area='', batch=500, dry=0
[2025-12-14 10:00:01] Nothing to do (filters applied). due_limit=1, router_id=0, area='', batch=500, dry=0
[2025-12-14 10:10:01] Nothing to do (filters applied). due_limit=1, router_id=0, area='', batch=500, dry=0
[2025-12-14 10:20:01] Nothing to do (filters applied). due_limit=1, router_id=0, area='', batch=500, dry=0
[2025-12-14 10:30:01] Nothing to do (filters applied). due_limit=1, router_id=0, area='', batch=500, dry=0
[2025-12-14 10:40:02] Nothing to do (filters applied). due_limit=1, router_id=0, area='', batch=500, dry=0
[2025-12-14 10:50:01] Nothing to do (filters applied). due_limit=1, router_id=0, area='', batch=500, dry=0
[2025-12-14 11:00:01] Nothing to do (filters applied). due_limit=1, router_id=0, area='', batch=500, dry=0
[2025-12-14 11:10:01] Nothing to do (filters applied). due_limit=1, router_id=0, area='', batch=500, dry=0
[2025-12-14 11:20:01] Nothing to do (filters applied). due_limit=1, router_id=0, area='', batch=500, dry=0
[2025-12-14 11:30:02] Nothing to do (filters applied). due_limit=1, router_id=0, area='', batch=500, dry=0
[2025-12-14 11:40:02] Nothing to do (filters applied). due_limit=1, router_id=0, area='', batch=500, dry=0
[2025-12-14 11:50:01] Nothing to do (filters applied). due_limit=1, router_id=0, area='', batch=500, dry=0
[2025-12-14 12:00:02] Nothing to do (filters applied). due_limit=1, router_id=0, area='', batch=500, dry=0
[2025-12-23 09:20:01] Nothing to do (filters applied). due_limit=1, router_id=0, area='', batch=500, dry=0
[2025-12-23 09:30:01] Nothing to do (filters applied). due_limit=1, router_id=0, area='', batch=500, dry=0
[2025-12-23 09:40:01] Nothing to do (filters applied). due_limit=1, router_id=0, area='', batch=500, dry=0
[2025-12-23 09:50:02] Nothing to do (filters applied). due_limit=1, router_id=0, area='', batch=500, dry=0
[2025-12-23 10:00:01] Nothing to do (filters applied). due_limit=1, router_id=0, area='', batch=500, dry=0
[2025-12-23 10:10:01] Nothing to do (filters applied). due_limit=1, router_id=0, area='', batch=500, dry=0
[2025-12-23 10:20:01] Nothing to do (filters applied). due_limit=1, router_id=0, area='', batch=500, dry=0
[2025-12-23 10:30:01] Nothing to do (filters applied). due_limit=1, router_id=0, area='', batch=500, dry=0
[2025-12-23 10:40:02] Nothing to do (filters applied). due_limit=1, router_id=0, area='', batch=500, dry=0
[2025-12-23 10:50:01] Nothing to do (filters applied). due_limit=1, router_id=0, area='', batch=500, dry=0
[2025-12-23 11:00:01] Nothing to do (filters applied). due_limit=1, router_id=0, area='', batch=500, dry=0
[2025-12-23 11:10:01] Nothing to do (filters applied). due_limit=1, router_id=0, area='', batch=500, dry=0
[2025-12-23 11:20:01] Nothing to do (filters applied). due_limit=1, router_id=0, area='', batch=500, dry=0
[2025-12-23 11:30:01] Nothing to do (filters applied). due_limit=1, router_id=0, area='', batch=500, dry=0
[2025-12-23 11:40:02] Nothing to do (filters applied). due_limit=1, router_id=0, area='', batch=500, dry=0
[2025-12-23 11:50:02] Nothing to do (filters applied). due_limit=1, router_id=0, area='', batch=500, dry=0
[2025-12-23 12:00:01] Nothing to do (filters applied). due_limit=1, router_id=0, area='', batch=500, dry=0
[2025-12-23 12:10:01] Nothing to do (filters applied). due_limit=1, router_id=0, area='', batch=500, dry=0
[2025-12-23 12:20:01] Nothing to do (filters applied). due_limit=1, router_id=0, area='', batch=500, dry=0
[2025-12-23 12:30:01] Nothing to do (filters applied). due_limit=1, router_id=0, area='', batch=500, dry=0
[2025-12-23 12:40:01] Nothing to do (filters applied). due_limit=1, router_id=0, area='', batch=500, dry=0
[2025-12-23 12:50:02] Nothing to do (filters applied). due_limit=1, router_id=0, area='', batch=500, dry=0
[2025-12-23 13:00:02] Nothing to do (filters applied). due_limit=1, router_id=0, area='', batch=500, dry=0
[2025-12-23 13:10:01] Nothing to do (filters applied). due_limit=1, router_id=0, area='', batch=500, dry=0
[2025-12-23 13:20:01] Nothing to do (filters applied). due_limit=1, router_id=0, area='', batch=500, dry=0
[2025-12-23 13:30:02] Nothing to do (filters applied). due_limit=1, router_id=0, area='', batch=500, dry=0
[2025-12-23 13:40:01] Nothing to do (filters applied). due_limit=1, router_id=0, area='', batch=500, dry=0
[2025-12-23 13:50:01] Nothing to do (filters applied). due_limit=1, router_id=0, area='', batch=500, dry=0
[2025-12-23 14:00:02] Nothing to do (filters applied). due_limit=1, router_id=0, area='', batch=500, dry=0
[2025-12-23 14:10:01] Nothing to do (filters applied). due_limit=1, router_id=0, area='', batch=500, dry=0
[2025-12-23 14:20:01] Nothing to do (filters applied). due_limit=1, router_id=0, area='', batch=500, dry=0
[2025-12-23 14:30:01] Nothing to do (filters applied). due_limit=1, router_id=0, area='', batch=500, dry=0
[2025-12-23 14:40:01] Nothing to do (filters applied). due_limit=1, router_id=0, area='', batch=500, dry=0
[2025-12-23 14:50:01] Nothing to do (filters applied). due_limit=1, router_id=0, area='', batch=500, dry=0
[2025-12-23 15:00:02] Nothing to do (filters applied). due_limit=1, router_id=0, area='', batch=500, dry=0
[2025-12-23 15:10:01] Nothing to do (filters applied). due_limit=1, router_id=0, area='', batch=500, dry=0
[2025-12-23 15:20:01] DISABLED 1234 due=500.00 (router=11)
PHP Warning:  Cannot modify header information - headers already sent by (output started at /var/www/isp_billing/cron/auto_suspend_enable.php:231) in /var/www/isp_billing/cron/auto_suspend_enable.php on line 282

Warning: Cannot modify header information - headers already sent by (output started at /var/www/isp_billing/cron/auto_suspend_enable.php:231) in /var/www/isp_billing/cron/auto_suspend_enable.php on line 282
Auto Suspend/Enable Summary
due_limit=1, router_id=0, area='', batch=500, dry=0
suspended=0, kicked=0, enabled=0, skipped=0
 - router #11: suspended=0, enabled=0, kicked=0
[2025-12-23 15:30:01] DISABLED 1234 due=500.00 (router=11)
PHP Warning:  Cannot modify header information - headers already sent by (output started at /var/www/isp_billing/cron/auto_suspend_enable.php:231) in /var/www/isp_billing/cron/auto_suspend_enable.php on line 282

Warning: Cannot modify header information - headers already sent by (output started at /var/www/isp_billing/cron/auto_suspend_enable.php:231) in /var/www/isp_billing/cron/auto_suspend_enable.php on line 282
Auto Suspend/Enable Summary
due_limit=1, router_id=0, area='', batch=500, dry=0
suspended=0, kicked=0, enabled=0, skipped=0
 - router #11: suspended=0, enabled=0, kicked=0
[2025-12-23 15:40:01] DISABLED 1234 due=500.00 (router=11)
PHP Warning:  Cannot modify header information - headers already sent by (output started at /var/www/isp_billing/cron/auto_suspend_enable.php:231) in /var/www/isp_billing/cron/auto_suspend_enable.php on line 282

Warning: Cannot modify header information - headers already sent by (output started at /var/www/isp_billing/cron/auto_suspend_enable.php:231) in /var/www/isp_billing/cron/auto_suspend_enable.php on line 282
Auto Suspend/Enable Summary
due_limit=1, router_id=0, area='', batch=500, dry=0
suspended=0, kicked=0, enabled=0, skipped=0
 - router #11: suspended=0, enabled=0, kicked=0
[2025-12-23 15:50:01] DISABLED 1234 due=500.00 (router=11)
PHP Warning:  Cannot modify header information - headers already sent by (output started at /var/www/isp_billing/cron/auto_suspend_enable.php:231) in /var/www/isp_billing/cron/auto_suspend_enable.php on line 282

Warning: Cannot modify header information - headers already sent by (output started at /var/www/isp_billing/cron/auto_suspend_enable.php:231) in /var/www/isp_billing/cron/auto_suspend_enable.php on line 282
Auto Suspend/Enable Summary
due_limit=1, router_id=0, area='', batch=500, dry=0
suspended=0, kicked=0, enabled=0, skipped=0
 - router #11: suspended=0, enabled=0, kicked=0
[2025-12-23 16:00:01] DISABLED 1234 due=500.00 (router=11)
PHP Warning:  Cannot modify header information - headers already sent by (output started at /var/www/isp_billing/cron/auto_suspend_enable.php:231) in /var/www/isp_billing/cron/auto_suspend_enable.php on line 282

Warning: Cannot modify header information - headers already sent by (output started at /var/www/isp_billing/cron/auto_suspend_enable.php:231) in /var/www/isp_billing/cron/auto_suspend_enable.php on line 282
Auto Suspend/Enable Summary
due_limit=1, router_id=0, area='', batch=500, dry=0
suspended=0, kicked=0, enabled=0, skipped=0
 - router #11: suspended=0, enabled=0, kicked=0
[2025-12-23 16:10:02] DISABLED 1234 due=500.00 (router=11)
PHP Warning:  Cannot modify header information - headers already sent by (output started at /var/www/isp_billing/cron/auto_suspend_enable.php:231) in /var/www/isp_billing/cron/auto_suspend_enable.php on line 282

Warning: Cannot modify header information - headers already sent by (output started at /var/www/isp_billing/cron/auto_suspend_enable.php:231) in /var/www/isp_billing/cron/auto_suspend_enable.php on line 282
Auto Suspend/Enable Summary
due_limit=1, router_id=0, area='', batch=500, dry=0
suspended=0, kicked=0, enabled=0, skipped=0
 - router #11: suspended=0, enabled=0, kicked=0
[2025-12-23 16:20:01] DISABLED 1234 due=500.00 (router=11)
PHP Warning:  Cannot modify header information - headers already sent by (output started at /var/www/isp_billing/cron/auto_suspend_enable.php:231) in /var/www/isp_billing/cron/auto_suspend_enable.php on line 282

Warning: Cannot modify header information - headers already sent by (output started at /var/www/isp_billing/cron/auto_suspend_enable.php:231) in /var/www/isp_billing/cron/auto_suspend_enable.php on line 282
Auto Suspend/Enable Summary
due_limit=1, router_id=0, area='', batch=500, dry=0
suspended=0, kicked=0, enabled=0, skipped=0
 - router #11: suspended=0, enabled=0, kicked=0
[2025-12-23 16:30:01] DISABLED 1234 due=500.00 (router=11)
PHP Warning:  Cannot modify header information - headers already sent by (output started at /var/www/isp_billing/cron/auto_suspend_enable.php:231) in /var/www/isp_billing/cron/auto_suspend_enable.php on line 282

Warning: Cannot modify header information - headers already sent by (output started at /var/www/isp_billing/cron/auto_suspend_enable.php:231) in /var/www/isp_billing/cron/auto_suspend_enable.php on line 282
Auto Suspend/Enable Summary
due_limit=1, router_id=0, area='', batch=500, dry=0
suspended=0, kicked=0, enabled=0, skipped=0
 - router #11: suspended=0, enabled=0, kicked=0
[2025-12-23 16:40:02] DISABLED 1234 due=500.00 (router=11)
PHP Warning:  Cannot modify header information - headers already sent by (output started at /var/www/isp_billing/cron/auto_suspend_enable.php:231) in /var/www/isp_billing/cron/auto_suspend_enable.php on line 282

Warning: Cannot modify header information - headers already sent by (output started at /var/www/isp_billing/cron/auto_suspend_enable.php:231) in /var/www/isp_billing/cron/auto_suspend_enable.php on line 282
Auto Suspend/Enable Summary
due_limit=1, router_id=0, area='', batch=500, dry=0
suspended=0, kicked=0, enabled=0, skipped=0
 - router #11: suspended=0, enabled=0, kicked=0
[2025-12-23 16:50:01] DISABLED 1234 due=500.00 (router=11)
PHP Warning:  Cannot modify header information - headers already sent by (output started at /var/www/isp_billing/cron/auto_suspend_enable.php:231) in /var/www/isp_billing/cron/auto_suspend_enable.php on line 282

Warning: Cannot modify header information - headers already sent by (output started at /var/www/isp_billing/cron/auto_suspend_enable.php:231) in /var/www/isp_billing/cron/auto_suspend_enable.php on line 282
Auto Suspend/Enable Summary
due_limit=1, router_id=0, area='', batch=500, dry=0
suspended=0, kicked=0, enabled=0, skipped=0
 - router #11: suspended=0, enabled=0, kicked=0
[2025-12-23 17:00:02] DISABLED 1234 due=500.00 (router=11)
PHP Warning:  Cannot modify header information - headers already sent by (output started at /var/www/isp_billing/cron/auto_suspend_enable.php:231) in /var/www/isp_billing/cron/auto_suspend_enable.php on line 282

Warning: Cannot modify header information - headers already sent by (output started at /var/www/isp_billing/cron/auto_suspend_enable.php:231) in /var/www/isp_billing/cron/auto_suspend_enable.php on line 282
Auto Suspend/Enable Summary
due_limit=1, router_id=0, area='', batch=500, dry=0
suspended=0, kicked=0, enabled=0, skipped=0
 - router #11: suspended=0, enabled=0, kicked=0
[2025-12-23 17:10:02] DISABLED 1234 due=500.00 (router=11)
PHP Warning:  Cannot modify header information - headers already sent by (output started at /var/www/isp_billing/cron/auto_suspend_enable.php:231) in /var/www/isp_billing/cron/auto_suspend_enable.php on line 282

Warning: Cannot modify header information - headers already sent by (output started at /var/www/isp_billing/cron/auto_suspend_enable.php:231) in /var/www/isp_billing/cron/auto_suspend_enable.php on line 282
Auto Suspend/Enable Summary
due_limit=1, router_id=0, area='', batch=500, dry=0
suspended=0, kicked=0, enabled=0, skipped=0
 - router #11: suspended=0, enabled=0, kicked=0
[2025-12-23 17:20:01] DISABLED 1234 due=500.00 (router=11)
PHP Warning:  Cannot modify header information - headers already sent by (output started at /var/www/isp_billing/cron/auto_suspend_enable.php:231) in /var/www/isp_billing/cron/auto_suspend_enable.php on line 282

Warning: Cannot modify header information - headers already sent by (output started at /var/www/isp_billing/cron/auto_suspend_enable.php:231) in /var/www/isp_billing/cron/auto_suspend_enable.php on line 282
Auto Suspend/Enable Summary
due_limit=1, router_id=0, area='', batch=500, dry=0
suspended=0, kicked=0, enabled=0, skipped=0
 - router #11: suspended=0, enabled=0, kicked=0
[2025-12-23 17:30:01] DISABLED 1234 due=500.00 (router=11)
PHP Warning:  Cannot modify header information - headers already sent by (output started at /var/www/isp_billing/cron/auto_suspend_enable.php:231) in /var/www/isp_billing/cron/auto_suspend_enable.php on line 282

Warning: Cannot modify header information - headers already sent by (output started at /var/www/isp_billing/cron/auto_suspend_enable.php:231) in /var/www/isp_billing/cron/auto_suspend_enable.php on line 282
Auto Suspend/Enable Summary
due_limit=1, router_id=0, area='', batch=500, dry=0
suspended=0, kicked=0, enabled=0, skipped=0
 - router #11: suspended=0, enabled=0, kicked=0
[2025-12-23 17:40:01] DISABLED 1234 due=500.00 (router=11)
PHP Warning:  Cannot modify header information - headers already sent by (output started at /var/www/isp_billing/cron/auto_suspend_enable.php:231) in /var/www/isp_billing/cron/auto_suspend_enable.php on line 282

Warning: Cannot modify header information - headers already sent by (output started at /var/www/isp_billing/cron/auto_suspend_enable.php:231) in /var/www/isp_billing/cron/auto_suspend_enable.php on line 282
Auto Suspend/Enable Summary
due_limit=1, router_id=0, area='', batch=500, dry=0
suspended=0, kicked=0, enabled=0, skipped=0
 - router #11: suspended=0, enabled=0, kicked=0
[2025-12-23 17:50:02] DISABLED 1234 due=500.00 (router=11)
PHP Warning:  Cannot modify header information - headers already sent by (output started at /var/www/isp_billing/cron/auto_suspend_enable.php:231) in /var/www/isp_billing/cron/auto_suspend_enable.php on line 282

Warning: Cannot modify header information - headers already sent by (output started at /var/www/isp_billing/cron/auto_suspend_enable.php:231) in /var/www/isp_billing/cron/auto_suspend_enable.php on line 282
Auto Suspend/Enable Summary
due_limit=1, router_id=0, area='', batch=500, dry=0
suspended=0, kicked=0, enabled=0, skipped=0
 - router #11: suspended=0, enabled=0, kicked=0
Auto Suspend/Enable Summary
due_limit=1, router_id=0, area='', batch=500, dry=0
suspended=0, kicked=0, enabled=0, skipped=0
Auto Suspend/Enable Summary
due_limit=1, router_id=0, area='', batch=500, dry=0
suspended=0, kicked=0, enabled=0, skipped=0
Auto Suspend/Enable Summary
due_limit=1, router_id=0, area='', batch=500, dry=0
suspended=0, kicked=0, enabled=0, skipped=0
Auto Suspend/Enable Summary
due_limit=1, router_id=0, area='', batch=500, dry=0
suspended=0, kicked=0, enabled=0, skipped=0
Auto Suspend/Enable Summary
due_limit=1, router_id=0, area='', batch=500, dry=0
suspended=0, kicked=0, enabled=0, skipped=0
Auto Suspend/Enable Summary
due_limit=1, router_id=0, area='', batch=500, dry=0
suspended=0, kicked=0, enabled=0, skipped=0
[2025-12-25 00:50:01] Nothing to do (filters applied). due_limit=1, router_id=0, area='', batch=500, dry=0
[2025-12-25 01:00:01] Nothing to do (filters applied). due_limit=1, router_id=0, area='', batch=500, dry=0
[2025-12-25 01:10:02] Nothing to do (filters applied). due_limit=1, router_id=0, area='', batch=500, dry=0
[2025-12-25 01:20:01] Nothing to do (filters applied). due_limit=1, router_id=0, area='', batch=500, dry=0
[2025-12-25 01:30:01] Nothing to do (filters applied). due_limit=1, router_id=0, area='', batch=500, dry=0
[2025-12-25 01:40:02] Nothing to do (filters applied). due_limit=1, router_id=0, area='', batch=500, dry=0
[2025-12-25 01:50:01] Nothing to do (filters applied). due_limit=1, router_id=0, area='', batch=500, dry=0
[2025-12-25 02:00:02] Nothing to do (filters applied). due_limit=1, router_id=0, area='', batch=500, dry=0
[2025-12-25 02:10:02] Nothing to do (filters applied). due_limit=1, router_id=0, area='', batch=500, dry=0
[2025-12-25 02:20:01] Nothing to do (filters applied). due_limit=1, router_id=0, area='', batch=500, dry=0
[2025-12-25 02:30:01] Nothing to do (filters applied). due_limit=1, router_id=0, area='', batch=500, dry=0
[2025-12-25 02:40:01] Nothing to do (filters applied). due_limit=1, router_id=0, area='', batch=500, dry=0
[2025-12-25 02:50:01] Nothing to do (filters applied). due_limit=1, router_id=0, area='', batch=500, dry=0
[2025-12-25 03:00:02] Nothing to do (filters applied). due_limit=1, router_id=0, area='', batch=500, dry=0
[2025-12-25 03:10:01] Nothing to do (filters applied). due_limit=1, router_id=0, area='', batch=500, dry=0
[2025-12-25 03:20:01] Nothing to do (filters applied). due_limit=1, router_id=0, area='', batch=500, dry=0
[2025-12-25 03:30:02] Nothing to do (filters applied). due_limit=1, router_id=0, area='', batch=500, dry=0
[2025-12-25 03:40:01] Nothing to do (filters applied). due_limit=1, router_id=0, area='', batch=500, dry=0
[2025-12-25 03:50:02] Nothing to do (filters applied). due_limit=1, router_id=0, area='', batch=500, dry=0
[2025-12-25 04:00:01] Nothing to do (filters applied). due_limit=1, router_id=0, area='', batch=500, dry=0
[2025-12-25 04:10:02] Nothing to do (filters applied). due_limit=1, router_id=0, area='', batch=500, dry=0
[2025-12-25 04:20:01] Nothing to do (filters applied). due_limit=1, router_id=0, area='', batch=500, dry=0
[2025-12-25 04:30:01] Nothing to do (filters applied). due_limit=1, router_id=0, area='', batch=500, dry=0
[2025-12-25 04:40:02] Nothing to do (filters applied). due_limit=1, router_id=0, area='', batch=500, dry=0
[2025-12-25 04:50:02] Nothing to do (filters applied). due_limit=1, router_id=0, area='', batch=500, dry=0
[2025-12-25 05:00:01] Nothing to do (filters applied). due_limit=1, router_id=0, area='', batch=500, dry=0
[2025-12-25 05:10:01] Nothing to do (filters applied). due_limit=1, router_id=0, area='', batch=500, dry=0
[2025-12-25 05:20:02] Nothing to do (filters applied). due_limit=1, router_id=0, area='', batch=500, dry=0
[2025-12-25 05:30:02] Nothing to do (filters applied). due_limit=1, router_id=0, area='', batch=500, dry=0
[2025-12-25 05:40:02] Nothing to do (filters applied). due_limit=1, router_id=0, area='', batch=500, dry=0
[2025-12-25 05:50:01] Nothing to do (filters applied). due_limit=1, router_id=0, area='', batch=500, dry=0
[2025-12-25 06:00:01] Nothing to do (filters applied). due_limit=1, router_id=0, area='', batch=500, dry=0
[2025-12-25 06:10:02] Nothing to do (filters applied). due_limit=1, router_id=0, area='', batch=500, dry=0
[2025-12-25 06:20:01] Nothing to do (filters applied). due_limit=1, router_id=0, area='', batch=500, dry=0
[2025-12-25 06:30:01] Nothing to do (filters applied). due_limit=1, router_id=0, area='', batch=500, dry=0
[2025-12-25 06:40:01] Nothing to do (filters applied). due_limit=1, router_id=0, area='', batch=500, dry=0
[2025-12-25 06:50:02] Nothing to do (filters applied). due_limit=1, router_id=0, area='', batch=500, dry=0
[2025-12-25 07:00:01] Nothing to do (filters applied). due_limit=1, router_id=0, area='', batch=500, dry=0
[2025-12-25 07:10:01] Nothing to do (filters applied). due_limit=1, router_id=0, area='', batch=500, dry=0
[2025-12-25 07:20:01] Nothing to do (filters applied). due_limit=1, router_id=0, area='', batch=500, dry=0
[2025-12-25 07:30:01] Nothing to do (filters applied). due_limit=1, router_id=0, area='', batch=500, dry=0
[2025-12-25 07:40:01] Nothing to do (filters applied). due_limit=1, router_id=0, area='', batch=500, dry=0
[2025-12-25 07:50:01] Nothing to do (filters applied). due_limit=1, router_id=0, area='', batch=500, dry=0
[2025-12-25 08:00:01] Nothing to do (filters applied). due_limit=1, router_id=0, area='', batch=500, dry=0
[2025-12-25 08:10:01] Nothing to do (filters applied). due_limit=1, router_id=0, area='', batch=500, dry=0
[2025-12-25 08:20:01] Nothing to do (filters applied). due_limit=1, router_id=0, area='', batch=500, dry=0
[2025-12-25 08:30:01] Nothing to do (filters applied). due_limit=1, router_id=0, area='', batch=500, dry=0
[2025-12-25 08:40:02] Nothing to do (filters applied). due_limit=1, router_id=0, area='', batch=500, dry=0
[2025-12-25 08:50:01] Nothing to do (filters applied). due_limit=1, router_id=0, area='', batch=500, dry=0
[2025-12-25 09:00:02] Nothing to do (filters applied). due_limit=1, router_id=0, area='', batch=500, dry=0
[2025-12-25 09:10:02] Nothing to do (filters applied). due_limit=1, router_id=0, area='', batch=500, dry=0
[2025-12-25 09:20:01] Nothing to do (filters applied). due_limit=1, router_id=0, area='', batch=500, dry=0
[2025-12-25 09:30:02] Nothing to do (filters applied). due_limit=1, router_id=0, area='', batch=500, dry=0
[2025-12-25 09:40:02] Nothing to do (filters applied). due_limit=1, router_id=0, area='', batch=500, dry=0
[2025-12-25 09:50:01] Nothing to do (filters applied). due_limit=1, router_id=0, area='', batch=500, dry=0
[2025-12-25 10:00:02] Nothing to do (filters applied). due_limit=1, router_id=0, area='', batch=500, dry=0
[2025-12-25 10:10:02] Nothing to do (filters applied). due_limit=1, router_id=0, area='', batch=500, dry=0
[2025-12-25 10:20:01] Nothing to do (filters applied). due_limit=1, router_id=0, area='', batch=500, dry=0
[2025-12-25 10:30:01] Nothing to do (filters applied). due_limit=1, router_id=0, area='', batch=500, dry=0
[2025-12-25 10:40:02] Nothing to do (filters applied). due_limit=1, router_id=0, area='', batch=500, dry=0
[2025-12-25 10:50:02] Nothing to do (filters applied). due_limit=1, router_id=0, area='', batch=500, dry=0
[2025-12-25 11:00:02] Nothing to do (filters applied). due_limit=1, router_id=0, area='', batch=500, dry=0
[2025-12-25 11:10:01] Nothing to do (filters applied). due_limit=1, router_id=0, area='', batch=500, dry=0
[2025-12-25 11:20:01] Nothing to do (filters applied). due_limit=1, router_id=0, area='', batch=500, dry=0
[2025-12-25 11:30:01] Nothing to do (filters applied). due_limit=1, router_id=0, area='', batch=500, dry=0
[2025-12-25 11:40:01] Nothing to do (filters applied). due_limit=1, router_id=0, area='', batch=500, dry=0
[2025-12-25 11:50:02] Nothing to do (filters applied). due_limit=1, router_id=0, area='', batch=500, dry=0
[2025-12-25 12:00:01] Nothing to do (filters applied). due_limit=1, router_id=0, area='', batch=500, dry=0
[2025-12-25 12:10:01] Nothing to do (filters applied). due_limit=1, router_id=0, area='', batch=500, dry=0
[2025-12-25 12:20:01] Nothing to do (filters applied). due_limit=1, router_id=0, area='', batch=500, dry=0
[2025-12-25 12:30:02] Nothing to do (filters applied). due_limit=1, router_id=0, area='', batch=500, dry=0
[2025-12-25 12:40:01] Nothing to do (filters applied). due_limit=1, router_id=0, area='', batch=500, dry=0
[2025-12-25 12:50:01] Nothing to do (filters applied). due_limit=1, router_id=0, area='', batch=500, dry=0
[2025-12-25 13:00:02] Nothing to do (filters applied). due_limit=1, router_id=0, area='', batch=500, dry=0
[2025-12-25 13:10:01] Nothing to do (filters applied). due_limit=1, router_id=0, area='', batch=500, dry=0
[2025-12-25 13:20:01] Nothing to do (filters applied). due_limit=1, router_id=0, area='', batch=500, dry=0
[2025-12-25 13:30:01] Nothing to do (filters applied). due_limit=1, router_id=0, area='', batch=500, dry=0
[2025-12-25 13:40:01] Nothing to do (filters applied). due_limit=1, router_id=0, area='', batch=500, dry=0
[2025-12-25 13:50:01] Nothing to do (filters applied). due_limit=1, router_id=0, area='', batch=500, dry=0
[2025-12-25 14:00:01] Nothing to do (filters applied). due_limit=1, router_id=0, area='', batch=500, dry=0
[2025-12-25 14:10:01] Nothing to do (filters applied). due_limit=1, router_id=0, area='', batch=500, dry=0
[2025-12-25 14:20:01] Nothing to do (filters applied). due_limit=1, router_id=0, area='', batch=500, dry=0
[2025-12-25 14:30:02] Nothing to do (filters applied). due_limit=1, router_id=0, area='', batch=500, dry=0
[2025-12-25 14:40:02] Nothing to do (filters applied). due_limit=1, router_id=0, area='', batch=500, dry=0
[2025-12-25 14:50:02] Nothing to do (filters applied). due_limit=1, router_id=0, area='', batch=500, dry=0
[2025-12-25 15:00:01] Nothing to do (filters applied). due_limit=1, router_id=0, area='', batch=500, dry=0
[2025-12-25 15:10:01] Nothing to do (filters applied). due_limit=1, router_id=0, area='', batch=500, dry=0
[2025-12-25 15:20:01] Nothing to do (filters applied). due_limit=1, router_id=0, area='', batch=500, dry=0
[2025-12-25 15:30:01] Nothing to do (filters applied). due_limit=1, router_id=0, area='', batch=500, dry=0
[2025-12-25 15:40:02] Nothing to do (filters applied). due_limit=1, router_id=0, area='', batch=500, dry=0
[2025-12-25 15:50:01] Nothing to do (filters applied). due_limit=1, router_id=0, area='', batch=500, dry=0
[2025-12-25 16:00:02] Nothing to do (filters applied). due_limit=1, router_id=0, area='', batch=500, dry=0
[2025-12-25 16:10:02] Nothing to do (filters applied). due_limit=1, router_id=0, area='', batch=500, dry=0
[2025-12-25 16:20:02] Nothing to do (filters applied). due_limit=1, router_id=0, area='', batch=500, dry=0
[2025-12-25 16:30:01] Nothing to do (filters applied). due_limit=1, router_id=0, area='', batch=500, dry=0
[2025-12-25 16:40:02] Nothing to do (filters applied). due_limit=1, router_id=0, area='', batch=500, dry=0
[2025-12-25 16:50:01] Nothing to do (filters applied). due_limit=1, router_id=0, area='', batch=500, dry=0
[2025-12-25 17:00:01] Nothing to do (filters applied). due_limit=1, router_id=0, area='', batch=500, dry=0
[2025-12-25 17:10:01] Nothing to do (filters applied). due_limit=1, router_id=0, area='', batch=500, dry=0
[2025-12-25 17:20:01] Nothing to do (filters applied). due_limit=1, router_id=0, area='', batch=500, dry=0
[2025-12-25 17:30:01] Nothing to do (filters applied). due_limit=1, router_id=0, area='', batch=500, dry=0
[2025-12-25 17:40:01] Nothing to do (filters applied). due_limit=1, router_id=0, area='', batch=500, dry=0
[2025-12-25 17:50:02] Nothing to do (filters applied). due_limit=1, router_id=0, area='', batch=500, dry=0
[2025-12-25 18:00:01] Nothing to do (filters applied). due_limit=1, router_id=0, area='', batch=500, dry=0
[2025-12-25 18:10:02] Nothing to do (filters applied). due_limit=1, router_id=0, area='', batch=500, dry=0
[2025-12-25 18:20:01] Nothing to do (filters applied). due_limit=1, router_id=0, area='', batch=500, dry=0
[2025-12-25 18:30:02] Nothing to do (filters applied). due_limit=1, router_id=0, area='', batch=500, dry=0
[2025-12-25 18:40:01] Nothing to do (filters applied). due_limit=1, router_id=0, area='', batch=500, dry=0
[2025-12-25 18:50:01] Nothing to do (filters applied). due_limit=1, router_id=0, area='', batch=500, dry=0
[2025-12-25 19:00:01] Nothing to do (filters applied). due_limit=1, router_id=0, area='', batch=500, dry=0
[2025-12-25 19:10:01] Nothing to do (filters applied). due_limit=1, router_id=0, area='', batch=500, dry=0
[2025-12-25 19:20:01] Nothing to do (filters applied). due_limit=1, router_id=0, area='', batch=500, dry=0
[2025-12-25 19:30:01] Nothing to do (filters applied). due_limit=1, router_id=0, area='', batch=500, dry=0
[2025-12-25 19:40:02] Nothing to do (filters applied). due_limit=1, router_id=0, area='', batch=500, dry=0
[2025-12-25 19:50:01] Nothing to do (filters applied). due_limit=1, router_id=0, area='', batch=500, dry=0
[2025-12-25 20:00:01] Nothing to do (filters applied). due_limit=1, router_id=0, area='', batch=500, dry=0
[2025-12-25 20:10:01] Nothing to do (filters applied). due_limit=1, router_id=0, area='', batch=500, dry=0
[2025-12-25 20:20:01] Nothing to do (filters applied). due_limit=1, router_id=0, area='', batch=500, dry=0
[2025-12-25 20:30:01] Nothing to do (filters applied). due_limit=1, router_id=0, area='', batch=500, dry=0
[2025-12-25 20:40:01] Nothing to do (filters applied). due_limit=1, router_id=0, area='', batch=500, dry=0
[2025-12-25 20:50:01] Nothing to do (filters applied). due_limit=1, router_id=0, area='', batch=500, dry=0
[2025-12-25 21:00:01] Nothing to do (filters applied). due_limit=1, router_id=0, area='', batch=500, dry=0
[2025-12-25 21:10:02] Nothing to do (filters applied). due_limit=1, router_id=0, area='', batch=500, dry=0
[2025-12-25 21:20:01] Nothing to do (filters applied). due_limit=1, router_id=0, area='', batch=500, dry=0
[2025-12-25 21:30:01] Nothing to do (filters applied). due_limit=1, router_id=0, area='', batch=500, dry=0
[2025-12-25 21:40:02] Nothing to do (filters applied). due_limit=1, router_id=0, area='', batch=500, dry=0
[2025-12-25 21:50:01] Nothing to do (filters applied). due_limit=1, router_id=0, area='', batch=500, dry=0
[2025-12-25 22:00:01] Nothing to do (filters applied). due_limit=1, router_id=0, area='', batch=500, dry=0
[2025-12-25 22:10:01] Nothing to do (filters applied). due_limit=1, router_id=0, area='', batch=500, dry=0
[2025-12-25 22:20:01] Nothing to do (filters applied). due_limit=1, router_id=0, area='', batch=500, dry=0
[2025-12-25 22:30:02] Nothing to do (filters applied). due_limit=1, router_id=0, area='', batch=500, dry=0
[2025-12-25 22:40:02] Nothing to do (filters applied). due_limit=1, router_id=0, area='', batch=500, dry=0
[2025-12-25 22:50:01] Nothing to do (filters applied). due_limit=1, router_id=0, area='', batch=500, dry=0
[2025-12-25 23:00:01] Nothing to do (filters applied). due_limit=1, router_id=0, area='', batch=500, dry=0
[2025-12-25 23:10:01] Nothing to do (filters applied). due_limit=1, router_id=0, area='', batch=500, dry=0
[2025-12-25 23:20:01] Nothing to do (filters applied). due_limit=1, router_id=0, area='', batch=500, dry=0
[2025-12-25 23:30:01] Nothing to do (filters applied). due_limit=1, router_id=0, area='', batch=500, dry=0
[2025-12-25 23:40:01] Nothing to do (filters applied). due_limit=1, router_id=0, area='', batch=500, dry=0
[2025-12-25 23:50:02] Nothing to do (filters applied). due_limit=1, router_id=0, area='', batch=500, dry=0
[2025-12-26 00:00:02] Nothing to do (filters applied). due_limit=1, router_id=0, area='', batch=500, dry=0
[2025-12-26 00:10:01] Nothing to do (filters applied). due_limit=1, router_id=0, area='', batch=500, dry=0
[2025-12-26 00:20:01] Nothing to do (filters applied). due_limit=1, router_id=0, area='', batch=500, dry=0
[2025-12-26 00:30:01] Nothing to do (filters applied). due_limit=1, router_id=0, area='', batch=500, dry=0
[2025-12-26 00:40:01] Nothing to do (filters applied). due_limit=1, router_id=0, area='', batch=500, dry=0
[2025-12-26 00:50:01] Nothing to do (filters applied). due_limit=1, router_id=0, area='', batch=500, dry=0
[2025-12-26 01:00:01] Nothing to do (filters applied). due_limit=1, router_id=0, area='', batch=500, dry=0
[2025-12-26 01:10:01] Nothing to do (filters applied). due_limit=1, router_id=0, area='', batch=500, dry=0
[2025-12-26 01:20:01] Nothing to do (filters applied). due_limit=1, router_id=0, area='', batch=500, dry=0
[2025-12-26 01:30:02] Nothing to do (filters applied). due_limit=1, router_id=0, area='', batch=500, dry=0
[2025-12-26 01:40:02] Nothing to do (filters applied). due_limit=1, router_id=0, area='', batch=500, dry=0
[2025-12-26 01:50:01] Nothing to do (filters applied). due_limit=1, router_id=0, area='', batch=500, dry=0
[2025-12-26 02:00:01] Nothing to do (filters applied). due_limit=1, router_id=0, area='', batch=500, dry=0
[2025-12-26 02:10:01] Nothing to do (filters applied). due_limit=1, router_id=0, area='', batch=500, dry=0
[2025-12-26 02:20:01] Nothing to do (filters applied). due_limit=1, router_id=0, area='', batch=500, dry=0
[2025-12-26 02:30:01] Nothing to do (filters applied). due_limit=1, router_id=0, area='', batch=500, dry=0
[2025-12-26 02:40:02] Nothing to do (filters applied). due_limit=1, router_id=0, area='', batch=500, dry=0
[2025-12-26 02:50:01] Nothing to do (filters applied). due_limit=1, router_id=0, area='', batch=500, dry=0
[2025-12-26 03:00:02] Nothing to do (filters applied). due_limit=1, router_id=0, area='', batch=500, dry=0
[2025-12-26 03:10:01] Nothing to do (filters applied). due_limit=1, router_id=0, area='', batch=500, dry=0
[2025-12-26 03:20:01] Nothing to do (filters applied). due_limit=1, router_id=0, area='', batch=500, dry=0
[2025-12-26 03:30:02] Nothing to do (filters applied). due_limit=1, router_id=0, area='', batch=500, dry=0
[2025-12-26 03:40:02] Nothing to do (filters applied). due_limit=1, router_id=0, area='', batch=500, dry=0
[2025-12-26 03:50:01] Nothing to do (filters applied). due_limit=1, router_id=0, area='', batch=500, dry=0
[2025-12-26 04:00:02] Nothing to do (filters applied). due_limit=1, router_id=0, area='', batch=500, dry=0
[2025-12-26 04:10:01] Nothing to do (filters applied). due_limit=1, router_id=0, area='', batch=500, dry=0
[2025-12-26 04:20:01] Nothing to do (filters applied). due_limit=1, router_id=0, area='', batch=500, dry=0
[2025-12-26 04:30:01] Nothing to do (filters applied). due_limit=1, router_id=0, area='', batch=500, dry=0
[2025-12-26 04:40:02] Nothing to do (filters applied). due_limit=1, router_id=0, area='', batch=500, dry=0
[2025-12-26 04:50:01] Nothing to do (filters applied). due_limit=1, router_id=0, area='', batch=500, dry=0
[2025-12-26 05:00:02] Nothing to do (filters applied). due_limit=1, router_id=0, area='', batch=500, dry=0
[2025-12-26 05:10:01] Nothing to do (filters applied). due_limit=1, router_id=0, area='', batch=500, dry=0
[2025-12-26 05:20:02] Nothing to do (filters applied). due_limit=1, router_id=0, area='', batch=500, dry=0
[2025-12-26 05:30:01] Nothing to do (filters applied). due_limit=1, router_id=0, area='', batch=500, dry=0
[2025-12-26 05:40:01] Nothing to do (filters applied). due_limit=1, router_id=0, area='', batch=500, dry=0
[2025-12-26 05:50:01] Nothing to do (filters applied). due_limit=1, router_id=0, area='', batch=500, dry=0
[2025-12-26 06:00:01] Nothing to do (filters applied). due_limit=1, router_id=0, area='', batch=500, dry=0
[2025-12-26 06:10:02] Nothing to do (filters applied). due_limit=1, router_id=0, area='', batch=500, dry=0
[2025-12-26 06:20:01] Nothing to do (filters applied). due_limit=1, router_id=0, area='', batch=500, dry=0
[2025-12-26 06:30:01] Nothing to do (filters applied). due_limit=1, router_id=0, area='', batch=500, dry=0
[2025-12-26 06:40:02] Nothing to do (filters applied). due_limit=1, router_id=0, area='', batch=500, dry=0
[2025-12-26 06:50:01] Nothing to do (filters applied). due_limit=1, router_id=0, area='', batch=500, dry=0
[2025-12-26 07:00:02] Nothing to do (filters applied). due_limit=1, router_id=0, area='', batch=500, dry=0
[2025-12-26 07:10:01] Nothing to do (filters applied). due_limit=1, router_id=0, area='', batch=500, dry=0
[2025-12-26 07:20:01] Nothing to do (filters applied). due_limit=1, router_id=0, area='', batch=500, dry=0
[2025-12-26 07:30:02] Nothing to do (filters applied). due_limit=1, router_id=0, area='', batch=500, dry=0
[2025-12-26 07:40:01] Nothing to do (filters applied). due_limit=1, router_id=0, area='', batch=500, dry=0
[2025-12-26 07:50:02] Nothing to do (filters applied). due_limit=1, router_id=0, area='', batch=500, dry=0
[2025-12-26 08:00:01] Nothing to do (filters applied). due_limit=1, router_id=0, area='', batch=500, dry=0
[2025-12-26 08:10:01] Nothing to do (filters applied). due_limit=1, router_id=0, area='', batch=500, dry=0
[2025-12-26 08:20:02] Nothing to do (filters applied). due_limit=1, router_id=0, area='', batch=500, dry=0
[2025-12-26 08:30:01] Nothing to do (filters applied). due_limit=1, router_id=0, area='', batch=500, dry=0
[2025-12-26 08:40:01] Nothing to do (filters applied). due_limit=1, router_id=0, area='', batch=500, dry=0
[2025-12-26 08:50:01] Nothing to do (filters applied). due_limit=1, router_id=0, area='', batch=500, dry=0
[2025-12-26 09:00:01] Nothing to do (filters applied). due_limit=1, router_id=0, area='', batch=500, dry=0
[2025-12-26 09:10:01] Nothing to do (filters applied). due_limit=1, router_id=0, area='', batch=500, dry=0
[2025-12-26 09:20:01] Nothing to do (filters applied). due_limit=1, router_id=0, area='', batch=500, dry=0
[2025-12-26 09:30:01] Nothing to do (filters applied). due_limit=1, router_id=0, area='', batch=500, dry=0
[2025-12-26 09:40:01] Nothing to do (filters applied). due_limit=1, router_id=0, area='', batch=500, dry=0
[2025-12-26 09:50:02] Nothing to do (filters applied). due_limit=1, router_id=0, area='', batch=500, dry=0
[2025-12-26 10:00:01] Nothing to do (filters applied). due_limit=1, router_id=0, area='', batch=500, dry=0
[2025-12-26 10:10:01] Nothing to do (filters applied). due_limit=1, router_id=0, area='', batch=500, dry=0
[2025-12-26 10:20:01] Nothing to do (filters applied). due_limit=1, router_id=0, area='', batch=500, dry=0
[2025-12-26 10:30:01] Nothing to do (filters applied). due_limit=1, router_id=0, area='', batch=500, dry=0
[2025-12-26 10:40:02] Nothing to do (filters applied). due_limit=1, router_id=0, area='', batch=500, dry=0
[2025-12-26 10:50:01] Nothing to do (filters applied). due_limit=1, router_id=0, area='', batch=500, dry=0
[2025-12-26 11:00:02] Nothing to do (filters applied). due_limit=1, router_id=0, area='', batch=500, dry=0
[2025-12-26 11:10:02] Nothing to do (filters applied). due_limit=1, router_id=0, area='', batch=500, dry=0
[2025-12-26 11:20:02] Nothing to do (filters applied). due_limit=1, router_id=0, area='', batch=500, dry=0
[2025-12-26 11:30:01] Nothing to do (filters applied). due_limit=1, router_id=0, area='', batch=500, dry=0
[2025-12-26 11:40:01] Nothing to do (filters applied). due_limit=1, router_id=0, area='', batch=500, dry=0
[2025-12-26 11:50:01] Nothing to do (filters applied). due_limit=1, router_id=0, area='', batch=500, dry=0
[2025-12-26 12:00:01] Nothing to do (filters applied). due_limit=1, router_id=0, area='', batch=500, dry=0
[2025-12-26 12:10:01] Nothing to do (filters applied). due_limit=1, router_id=0, area='', batch=500, dry=0
[2025-12-26 12:20:01] Nothing to do (filters applied). due_limit=1, router_id=0, area='', batch=500, dry=0
[2025-12-26 12:30:02] Nothing to do (filters applied). due_limit=1, router_id=0, area='', batch=500, dry=0
[2025-12-26 12:40:02] Nothing to do (filters applied). due_limit=1, router_id=0, area='', batch=500, dry=0
